Microchip MPLAB XC8 Compiler V2.45

Linker command line:

-W-3 \
  --edf=C:\Program Files\Microchip\xc8\v2.45\pic\dat\20230818022343_en.msgs \
  -cn -h+dist/default/debug\real_time_clock.X.debug.sym \
  --cmf=dist/default/debug\real_time_clock.X.debug.cmf -z -Q18F4620 \
  -oC:\Users\20128\AppData\Local\Temp\xcAsifo.\driver_tmp_3.o \
  --defsym=__MPLAB_BUILD=1 --fixupoverflow=error \
  -Mdist/default/debug/real_time_clock.X.debug.map \
  --md=C:\Users\20128\AppData\Local\Temp\xcAsifo.\driver_tmp_0.dat -E1 \
  -ver=XC8 Compiler --acfsm=1493 -ACODE=00h-0FFFFh -ACONST=00h-0FFFFh \
  -ASMALLCONST=01000h-010FFhx240 -AMEDIUMCONST=01000h-0FFFFh \
  -ACOMRAM=01h-07Fh -AABS1=00h-0F7Fh -ABIGRAM=01h-0F7Fh \
  -ARAM=080h-0FFh,0100h-01FFhx14,0F00h-0F7Fh -ABANK0=080h-0FFh \
  -ABANK1=0100h-01FFh -ABANK2=0200h-02FFh -ABANK3=0300h-03FFh \
  -ABANK4=0400h-04FFh -ABANK5=0500h-05FFh -ABANK6=0600h-06FFh \
  -ABANK7=0700h-07FFh -ABANK8=0800h-08FFh -ABANK9=0900h-09FFh \
  -ABANK10=0A00h-0AFFh -ABANK11=0B00h-0BFFh -ABANK12=0C00h-0CFFh \
  -ABANK13=0D00h-0DFFh -ABANK14=0E00h-0EFFh -ABANK15=0F00h-0F7Fh \
  -ASFR=0F80h-0FFFh -ABIGSFR=0F80h-0FFFh -ACONFIG=0300000h-030000Dh \
  -AIDLOC=0200000h-0200007h -AEEDATA=0F00000h-0F003FFh -peeprom_data=EEDATA \
  -preset_vec=00h,intcode=08h,intcodelo,powerup,init -pramtop=01000h \
  -psmallconst=SMALLCONST -pmediumconst=MEDIUMCONST -pconst=CONST \
  -AFARRAM=00h-00h \
  -prdata=COMRAM,nvrram=COMRAM,nvbit=COMRAM,rbss=COMRAM,rbit=COMRAM \
  -pfarbss=FARRAM,fardata=FARRAM,nvFARRAM=FARRAM \
  -pintsave_regs=BIGRAM,bigbss=BIGRAM,bigdata=BIGRAM -pbss=RAM \
  -pidata=CODE,irdata=CODE,ibigdata=CODE,ifardata=CODE -prparam=COMRAM \
  C:\Users\20128\AppData\Local\Temp\xcAsifo.\driver_tmp_14.o \
  dist/default/debug\real_time_clock.X.debug.o 

Object code version is 3.11

Machine type is 18F4620



                Name                               Link     Load   Length Selector   Space Scale
C:\Users\20128\AppData\Local\Temp\xcAsifo.\driver_tmp_14.o
                config                           300000   300000        E        0       4
                init                                  E        E        4        4       0
                reset_vec                             0        0        4        0       0
dist/default/debug\real_time_clock.X.debug.o
                intcode                               8        8        6        4       0
                config                           300000   300000        E        0       4
                temp                                 57       57        1        1       1
                smallconst                         1000     1000       5C      800       0
                text147                            3E22     3E22        4     1EEB       0
                text146                            3E1E     3E1E        4     1EEB       0
                text145                            3E1A     3E1A        4     1EEB       0
                text144                            3996     3996       2C      82E       0
                text143                            3E16     3E16        4     1EEB       0
                text142                            3E12     3E12        4     1EEB       0
                text141                            3E0E     3E0E        4     1EEB       0
                text140                            3AB0     3AB0       24      82E       0
                text139                            32A0     32A0       66      82E       0
                text138                            3BCE     3BCE       18      82E       0
                text137                            396A     396A       2C      82E       0
                text136                            393E     393E       2C      82E       0
                text135                            3912     3912       2C      82E       0
                text134                            38E6     38E6       2C      82E       0
                text133                            3612     3612       42      82E       0
                text132                            3E0A     3E0A        4     1EEB       0
                text131                            3E06     3E06        4     1EEB       0
                text130                            3E02     3E02        4     1EEB       0
                text129                            3DCA     3DCA        6      82E       0
                text128                            3DFE     3DFE        4     1EEB       0
                text127                            3DC4     3DC4        6      82E       0
                text126                            3DB0     3DB0        8      82E       0
                text125                            3C50     3C50       14      82E       0
                text124                            3DFA     3DFA        4     1EEB       0
                text123                            2ADA     2ADA       7C      82E       0
                text122                            3D54     3D54        C      82E       0
                text121                            3D02     3D02       10      82E       0
                text120                            3D2E     3D2E        E      82E       0
                text119                            2222     2222       C4      82E       0
                text118                            25A8     25A8       A6      82E       0
                text117                            3D48     3D48        C      82E       0
                text116                            3DA8     3DA8        8      82E       0
                text115                            3DA0     3DA0        8      82E       0
                text114                            3D98     3D98        8      82E       0
                text113                            3D90     3D90        8      82E       0
                text112                            3D88     3D88        8      82E       0
                text111                            3D80     3D80        8      82E       0
                text110                            3D78     3D78        8      82E       0
                text109                            3D3C     3D3C        C      82E       0
                text108                            323A     323A       66      82E       0
                text107                            302E     302E       6E      82E       0
                text106                            3CF2     3CF2       10      82E       0
                text105                            3B36     3B36       1E      82E       0
                text104                            358C     358C       44      82E       0
                text103                            3D70     3D70        8      82E       0
                text102                            3AF6     3AF6       22      82E       0
                text101                            2948     2948       8E      82E       0
                text100                            3BB6     3BB6       18      82E       0
                text99                             309C     309C       6A      82E       0
                text98                             2D98     2D98       70      82E       0
                text97                             3366     3366       5C      82E       0
                text96                             215E     215E       C4      82E       0
                text95                             244A     244A       B0      82E       0
                text94                             1782     1782      192      82E       0
                text93                             1914     1914      144      82E       0
                text92                             282A     282A       90      82E       0
                text91                             3860     3860       2E      82E       0
                text90                             3832     3832       2E      82E       0
                text89                             3804     3804       2E      82E       0
                intcode_body                       2098     2098       C6      82E       0
                text87                             3DF6     3DF6        4     1EEB       0
                text86                             3DF2     3DF2        4     1EEB       0
                text85                             3DEE     3DEE        4     1EEB       0
                text84                             38BA     38BA       2C      82E       0
                text83                             3DEA     3DEA        4     1EEB       0
                text82                             3DE6     3DE6        4     1EEB       0
                text81                             3DE2     3DE2        4     1EEB       0
                text80                             3A8C     3A8C       24      82E       0
                text79                             31D4     31D4       66      82E       0
                text78                             3B9E     3B9E       18      82E       0
                text77                             3734     3734       38      82E       0
                text76                             36FC     36FC       38      82E       0
                text75                             36C4     36C4       38      82E       0
                text74                             368C     368C       38      82E       0
                text73                             3468     3468       50      82E       0
                text72                             3D20     3D20        E      82E       0
                text71                             3D12     3D12        E      82E       0
                text70                             3DDE     3DDE        4     1EEB       0
                text69                             3DBE     3DBE        6      82E       0
                text68                             3DDA     3DDA        4     1EEB       0
                text67                             3DB8     3DB8        6      82E       0
                text66                             3D68     3D68        8      82E       0
                text65                             3C3C     3C3C       14      82E       0
                text64                             3DD6     3DD6        4     1EEB       0
                text63                             29D6     29D6       88      82E       0
                text62                             3C12     3C12       16      82E       0
                text61                             3B54     3B54       1A      82E       0
                text60                             3B86     3B86       18      82E       0
                text59                             1F02     1F02       D0      82E       0
                text58                             2398     2398       B2      82E       0
                text57                             3BFC     3BFC       16      82E       0
                text56                             3CD0     3CD0       12      82E       0
                text55                             3CBE     3CBE       12      82E       0
                text54                             3CAC     3CAC       12      82E       0
                text53                             3C9A     3C9A       12      82E       0
                text52                             3C88     3C88       12      82E       0
                text51                             3C76     3C76       12      82E       0
                text50                             3C64     3C64       12      82E       0
                text49                             3BE6     3BE6       16      82E       0
                text48                             2D26     2D26       72      82E       0
                text47                             2FC0     2FC0       6E      82E       0
                text46                             3CE2     3CE2       10      82E       0
                text45                             3B18     3B18       1E      82E       0
                text44                             3500     3500       48      82E       0
                text43                             3D60     3D60        8      82E       0
                text42                             3AD4     3AD4       22      82E       0
                text41                             28BA     28BA       8E      82E       0
                text40                             3B6E     3B6E       18      82E       0
                text39                             2A5E     2A5E       7C      82E       0
                text38                             3106     3106       68      82E       0
                text37                             3C28     3C28       14      82E       0
                text36                             3A16     3A16       2A      82E       0
                text35                             39EC     39EC       2A      82E       0
                text34                             39C2     39C2       2A      82E       0
                text33                             26F2     26F2       A2      82E       0
                text32                             2F52     2F52       6E      82E       0
                text31                             2EE4     2EE4       6E      82E       0
                text30                             1CCC     1CCC      11C      82E       0
                text29                             2B56     2B56       7A      82E       0
                text28                             1B92     1B92      13A      82E       0
                text27                             33C2     33C2       54      82E       0
                text26                             388E     388E       2C      82E       0
                text25                             3306     3306       60      82E       0
                text24                             1A58     1A58      13A      82E       0
                text23                             316E     316E       66      82E       0
                text22                             3A40     3A40       28      82E       0
                text21                             3416     3416       52      82E       0
                text20                             2CB4     2CB4       72      82E       0
                text19                             1DE8     1DE8      11A      82E       0
                text18                             3A68     3A68       24      82E       0
                text17                             15EE     15EE      194      82E       0
                text16                             2C42     2C42       72      82E       0
                text15                             2794     2794       96      82E       0
                text14                             2E76     2E76       6E      82E       0
                text13                             37A2     37A2       32      82E       0
                text12                             1FD2     1FD2       C6      82E       0
                text11                             22E6     22E6       B2      82E       0
                text10                             376C     376C       36      82E       0
                text9                              3E26     3E26        2     1EEB       0
                text8                              24FA     24FA       AE      82E       0
                text7                              1418     1418      1D6      82E       0
                text6                              3548     3548       44      82E       0
                text5                              3654     3654       38      82E       0
                text4                              34B8     34B8       48      82E       0
                text3                              264E     264E       A4      82E       0
                text2                              2BD0     2BD0       72      82E       0
                text1                              35D0     35D0       42      82E       0
                text0                              105C     105C      3BC      82E       0
                cstackCOMRAM                          1        1       2D        1       1
                cstackBANK0                          DB       DB       25       80       1
                cstackBANK1                         120      120        A      100       1
                bssBANK1                            100      100       20      100       1
                dataBANK0                            80       80       30       80       1
                bssBANK0                             B0       B0       2B       80       1
                dataCOMRAM                           52       52        5        1       1
                bssCOMRAM                            2E       2E       24        1       1
                cinit                              2E08     2E08       6E      82E       0
                idataBANK0                         37D4     37D4       30      82E       0
                idataCOMRAM                        3DD0     3DD0        5      82E       0

TOTAL           Name                               Link     Load   Length     Space
        CLASS   CODE           
                intcode                               8        8        6         0
                init                                  E        E        4         0
                reset_vec                             0        0        4         0
                text147                            3E22     3E22        4         0
                text146                            3E1E     3E1E        4         0
                text145                            3E1A     3E1A        4         0
                text144                            3996     3996       2C         0
                text143                            3E16     3E16        4         0
                text142                            3E12     3E12        4         0
                text141                            3E0E     3E0E        4         0
                text140                            3AB0     3AB0       24         0
                text139                            32A0     32A0       66         0
                text138                            3BCE     3BCE       18         0
                text137                            396A     396A       2C         0
                text136                            393E     393E       2C         0
                text135                            3912     3912       2C         0
                text134                            38E6     38E6       2C         0
                text133                            3612     3612       42         0
                text132                            3E0A     3E0A        4         0
                text131                            3E06     3E06        4         0
                text130                            3E02     3E02        4         0
                text129                            3DCA     3DCA        6         0
                text128                            3DFE     3DFE        4         0
                text127                            3DC4     3DC4        6         0
                text126                            3DB0     3DB0        8         0
                text125                            3C50     3C50       14         0
                text124                            3DFA     3DFA        4         0
                text123                            2ADA     2ADA       7C         0
                text122                            3D54     3D54        C         0
                text121                            3D02     3D02       10         0
                text120                            3D2E     3D2E        E         0
                text119                            2222     2222       C4         0
                text118                            25A8     25A8       A6         0
                text117                            3D48     3D48        C         0
                text116                            3DA8     3DA8        8         0
                text115                            3DA0     3DA0        8         0
                text114                            3D98     3D98        8         0
                text113                            3D90     3D90        8         0
                text112                            3D88     3D88        8         0
                text111                            3D80     3D80        8         0
                text110                            3D78     3D78        8         0
                text109                            3D3C     3D3C        C         0
                text108                            323A     323A       66         0
                text107                            302E     302E       6E         0
                text106                            3CF2     3CF2       10         0
                text105                            3B36     3B36       1E         0
                text104                            358C     358C       44         0
                text103                            3D70     3D70        8         0
                text102                            3AF6     3AF6       22         0
                text101                            2948     2948       8E         0
                text100                            3BB6     3BB6       18         0
                text99                             309C     309C       6A         0
                text98                             2D98     2D98       70         0
                text97                             3366     3366       5C         0
                text96                             215E     215E       C4         0
                text95                             244A     244A       B0         0
                text94                             1782     1782      192         0
                text93                             1914     1914      144         0
                text92                             282A     282A       90         0
                text91                             3860     3860       2E         0
                text90                             3832     3832       2E         0
                text89                             3804     3804       2E         0
                intcode_body                       2098     2098       C6         0
                text87                             3DF6     3DF6        4         0
                text86                             3DF2     3DF2        4         0
                text85                             3DEE     3DEE        4         0
                text84                             38BA     38BA       2C         0
                text83                             3DEA     3DEA        4         0
                text82                             3DE6     3DE6        4         0
                text81                             3DE2     3DE2        4         0
                text80                             3A8C     3A8C       24         0
                text79                             31D4     31D4       66         0
                text78                             3B9E     3B9E       18         0
                text77                             3734     3734       38         0
                text76                             36FC     36FC       38         0
                text75                             36C4     36C4       38         0
                text74                             368C     368C       38         0
                text73                             3468     3468       50         0
                text72                             3D20     3D20        E         0
                text71                             3D12     3D12        E         0
                text70                             3DDE     3DDE        4         0
                text69                             3DBE     3DBE        6         0
                text68                             3DDA     3DDA        4         0
                text67                             3DB8     3DB8        6         0
                text66                             3D68     3D68        8         0
                text65                             3C3C     3C3C       14         0
                text64                             3DD6     3DD6        4         0
                text63                             29D6     29D6       88         0
                text62                             3C12     3C12       16         0
                text61                             3B54     3B54       1A         0
                text60                             3B86     3B86       18         0
                text59                             1F02     1F02       D0         0
                text58                             2398     2398       B2         0
                text57                             3BFC     3BFC       16         0
                text56                             3CD0     3CD0       12         0
                text55                             3CBE     3CBE       12         0
                text54                             3CAC     3CAC       12         0
                text53                             3C9A     3C9A       12         0
                text52                             3C88     3C88       12         0
                text51                             3C76     3C76       12         0
                text50                             3C64     3C64       12         0
                text49                             3BE6     3BE6       16         0
                text48                             2D26     2D26       72         0
                text47                             2FC0     2FC0       6E         0
                text46                             3CE2     3CE2       10         0
                text45                             3B18     3B18       1E         0
                text44                             3500     3500       48         0
                text43                             3D60     3D60        8         0
                text42                             3AD4     3AD4       22         0
                text41                             28BA     28BA       8E         0
                text40                             3B6E     3B6E       18         0
                text39                             2A5E     2A5E       7C         0
                text38                             3106     3106       68         0
                text37                             3C28     3C28       14         0
                text36                             3A16     3A16       2A         0
                text35                             39EC     39EC       2A         0
                text34                             39C2     39C2       2A         0
                text33                             26F2     26F2       A2         0
                text32                             2F52     2F52       6E         0
                text31                             2EE4     2EE4       6E         0
                text30                             1CCC     1CCC      11C         0
                text29                             2B56     2B56       7A         0
                text28                             1B92     1B92      13A         0
                text27                             33C2     33C2       54         0
                text26                             388E     388E       2C         0
                text25                             3306     3306       60         0
                text24                             1A58     1A58      13A         0
                text23                             316E     316E       66         0
                text22                             3A40     3A40       28         0
                text21                             3416     3416       52         0
                text20                             2CB4     2CB4       72         0
                text19                             1DE8     1DE8      11A         0
                text18                             3A68     3A68       24         0
                text17                             15EE     15EE      194         0
                text16                             2C42     2C42       72         0
                text15                             2794     2794       96         0
                text14                             2E76     2E76       6E         0
                text13                             37A2     37A2       32         0
                text12                             1FD2     1FD2       C6         0
                text11                             22E6     22E6       B2         0
                text10                             376C     376C       36         0
                text9                              3E26     3E26        2         0
                text8                              24FA     24FA       AE         0
                text7                              1418     1418      1D6         0
                text6                              3548     3548       44         0
                text5                              3654     3654       38         0
                text4                              34B8     34B8       48         0
                text3                              264E     264E       A4         0
                text2                              2BD0     2BD0       72         0
                text1                              35D0     35D0       42         0
                text0                              105C     105C      3BC         0
                cinit                              2E08     2E08       6E         0
                idataBANK0                         37D4     37D4       30         0
                idataCOMRAM                        3DD0     3DD0        5         0

        CLASS   CONST          

        CLASS   SMALLCONST     
                smallconst                         1000     1000       5C         0

        CLASS   MEDIUMCONST    

        CLASS   COMRAM         
                temp                                 57       57        1         1
                cstackCOMRAM                          1        1       2D         1
                dataCOMRAM                           52       52        5         1
                bssCOMRAM                            2E       2E       24         1

        CLASS   ABS1           

        CLASS   BIGRAM         

        CLASS   RAM            

        CLASS   BANK0          
                cstackBANK0                          DB       DB       25         1
                dataBANK0                            80       80       30         1
                bssBANK0                             B0       B0       2B         1

        CLASS   BANK1          
                cstackBANK1                         120      120        A         1
                bssBANK1                            100      100       20         1

        CLASS   BANK2          

        CLASS   BANK3          

        CLASS   BANK4          

        CLASS   BANK5          

        CLASS   BANK6          

        CLASS   BANK7          

        CLASS   BANK8          

        CLASS   BANK9          

        CLASS   BANK10         

        CLASS   BANK11         

        CLASS   BANK12         

        CLASS   BANK13         

        CLASS   BANK14         

        CLASS   BANK15         

        CLASS   SFR            

        CLASS   BIGSFR         

        CLASS   CONFIG         
                config                           300000   300000        E         4

        CLASS   IDLOC          

        CLASS   EEDATA         

        CLASS   FARRAM         

        CLASS   HEAP           

        CLASS   STACK          



SEGMENTS        Name                           Load    Length   Top    Selector   Space  Class

                reset_vec                      000000  000004  000004         0       0  CODE    
                cstackCOMRAM                   000001  000057  000058         1       1  COMRAM  
                intcode                        000008  00000A  000012         4       0  CODE    
                dataBANK0                      000080  000080  000100        80       1  BANK0   
                bssBANK1                       000100  00002A  00012A       100       1  BANK1   
                smallconst                     001000  00005C  00105C       800       0  SMALLCON
                text0                          00105C  002D79  003DD5       82E       0  CODE    
                text64                         003DD6  000052  003E28      1EEB       0  CODE    


UNUSED ADDRESS RANGES

        Name                Unused          Largest block    Delta
        BANK1            00012A-0001FF               D6
        BANK10           000A00-000AFF              100
        BANK11           000B00-000BFF              100
        BANK12           000C00-000CFF              100
        BANK13           000D00-000DFF              100
        BANK14           000E00-000EFF              100
        BANK15           000F00-000F7F               80
        BANK2            000200-0002FF              100
        BANK3            000300-0003FF              100
        BANK4            000400-0004FF              100
        BANK5            000500-0005FF              100
        BANK6            000600-0006FF              100
        BANK7            000700-0007FF              100
        BANK8            000800-0008FF              100
        BANK9            000900-0009FF              100
        BIGRAM           000058-00007F               28
                         00012A-000F7F              E56
        BIGSFR           000F80-000FFF               80
        CODE             000004-000007                4
                         000012-000FFF              FEE
                         003DD5-003DD5                1
                         003E28-00FFFF             C1D8
        COMRAM           000058-00007F               28
        CONST            000004-000007                4
                         000012-000FFF              FEE
                         003DD5-003DD5                1
                         003E28-00FFFF             C1D8
        EEDATA           F00000-F003FF              400
        IDLOC            200000-200007                8
        MEDIUMCONST      003DD5-003DD5                1
                         003E28-00FFFF             C1D8
        RAM              00012A-000F7F              100
        SFR              000F80-000FFF               80
        SMALLCONST       003DD5-003DD5                1
                         003E28-00FFFF              100

                                  Symbol Table

?_RealTimeClockDS1307_Get_Date_Time          cstackBANK0  0000EC
?___awdiv                                    cstackCOMRAM 000029
?___awmod                                    cstackCOMRAM 000029
?_abs                                        cstackBANK0  0000DD
?_sprintf                                    cstackBANK0  0000EF
?_vfprintf                                   cstackBANK0  0000EB
?i2_RealTimeClockDS1307_Get_Date_Time        cstackCOMRAM 000017
?i2___awdiv                                  cstackCOMRAM 000001
?i2___awmod                                  cstackCOMRAM 000001
I2C_CallbackReturnReset@funPtr               cstackBANK0  0000DF
I2C_Close@returnValue                        cstackCOMRAM 000029
I2C_MasterOperation@read                     cstackBANK0  0000E7
I2C_MasterOperation@returnValue              cstackBANK0  0000E8
I2C_MasterSendTxData@data                    cstackCOMRAM 000029
I2C_Open@address                             cstackCOMRAM 000029
I2C_Open@returnValue                         cstackCOMRAM 00002A
I2C_Read1ByteRegister@address                cstackBANK0  0000EA
I2C_Read1ByteRegister@reg                    cstackBANK0  0000E9
I2C_Read1ByteRegister@returnValue            cstackBANK0  0000EB
I2C_SetAddressNackCallback@cb                cstackBANK0  0000DB
I2C_SetAddressNackCallback@ptr               cstackBANK0  0000DD
I2C_SetBuffer@buffer                         cstackCOMRAM 000029
I2C_SetBuffer@bufferSize                     cstackCOMRAM 00002B
I2C_SetCallback@cb                           cstackCOMRAM 000029
I2C_SetCallback@idx                          cstackCOMRAM 00002D
I2C_SetCallback@ptr                          cstackCOMRAM 00002B
I2C_SetDataCompleteCallback@cb               cstackBANK0  0000DB
I2C_SetDataCompleteCallback@ptr              cstackBANK0  0000DD
I2C_Write1ByteRegister@address               cstackCOMRAM 000016
I2C_Write1ByteRegister@data                  cstackCOMRAM 000015
I2C_Write1ByteRegister@reg                   cstackCOMRAM 000014
INT0_set_InterruptHandler@InterruptHandler   cstackCOMRAM 000029
INT0_set_InterruptHandler@ret                cstackCOMRAM 00002B
INT1_set_InterruptHandler@InterruptHandler   cstackCOMRAM 000029
INT1_set_InterruptHandler@ret                cstackCOMRAM 00002B
INT2_set_InterruptHandler@InterruptHandler   cstackCOMRAM 000029
INT2_set_InterruptHandler@ret                cstackCOMRAM 00002B
INTx_select_InterruptHandler@_interrupt      cstackCOMRAM 00002C
INTx_select_InterruptHandler@ret             cstackCOMRAM 00002D
_APP_INT0_ISR                                text92       00282A
_APP_INT1_ISR                                text93       001914
_I2C_CallbackReturnReset                     text71       003D12
_I2C_CallbackReturnReset$intlevel0           text71       003D1C
_I2C_CallbackReturnStop                      text72       003D20
_I2C_CallbackReturnStop$intlevel0            text72       003D2A
_I2C_Close                                   text84       0038BA
_I2C_DO_ADDRESS_NACK                         text48       002D26
_I2C_DO_ADDRESS_NACK$intlevel0               text48       002D30
_I2C_DO_IDLE                                 text62       003C12
_I2C_DO_IDLE$intlevel0                       text62       003C1C
_I2C_DO_RCEN                                 text57       003BFC
_I2C_DO_RCEN$intlevel0                       text57       003C06
_I2C_DO_RESET                                text49       003BE6
_I2C_DO_RESET$intlevel0                      text49       003BF0
_I2C_DO_RX                                   text58       002398
_I2C_DO_RX$intlevel0                         text58       0023A2
_I2C_DO_RX_ACK                               text52       003C88
_I2C_DO_RX_ACK$intlevel0                     text52       003C92
_I2C_DO_RX_NACK_RESTART                      text50       003C64
_I2C_DO_RX_NACK_RESTART$intlevel0            text50       003C6E
_I2C_DO_RX_NACK_STOP                         text51       003C76
_I2C_DO_RX_NACK_STOP$intlevel0               text51       003C80
_I2C_DO_SEND_ADR_READ                        text61       003B54
_I2C_DO_SEND_ADR_READ$intlevel0              text61       003B5E
_I2C_DO_SEND_ADR_WRITE                       text60       003B86
_I2C_DO_SEND_ADR_WRITE$intlevel0             text60       003B90
_I2C_DO_SEND_RESTART                         text54       003CAC
_I2C_DO_SEND_RESTART$intlevel0               text54       003CB6
_I2C_DO_SEND_RESTART_READ                    text56       003CD0
_I2C_DO_SEND_RESTART_READ$intlevel0          text56       003CDA
_I2C_DO_SEND_RESTART_WRITE                   text55       003CBE
_I2C_DO_SEND_RESTART_WRITE$intlevel0         text55       003CC8
_I2C_DO_SEND_STOP                            text53       003C9A
_I2C_DO_SEND_STOP$intlevel0                  text53       003CA4
_I2C_DO_TX                                   text59       001F02
_I2C_DO_TX$intlevel0                         text59       001F0C
_I2C_DO_TX_EMPTY                             text63       0029D6
_I2C_DO_TX_EMPTY$intlevel0                   text63       0029E0
_I2C_Initialize                              text37       003C28
_I2C_MasterClearIrq                          text87       003DF6
_I2C_MasterClose                             text86       003DF2
_I2C_MasterDisableIrq                        text85       003DEE
_I2C_MasterEnableRestart                     text82       003DE6
_I2C_MasterFsm                               text47       002FC0
_I2C_MasterGetRxData                         text68       003DDA
_I2C_MasterIsNack                            text65       003C3C
_I2C_MasterOpen                              text42       003AD4
_I2C_MasterOperation                         text44       003500
_I2C_MasterSendAck                           text67       003DB8
_I2C_MasterSendNack                          text69       003DBE
_I2C_MasterSendTxData                        text66       003D68
_I2C_MasterSetIrq                            text64       003DD6
_I2C_MasterStart                             text83       003DEA
_I2C_MasterStartRx                           text70       003DDE
_I2C_MasterStop                              text81       003DE2
_I2C_MasterWaitForEvent                      text46       003CE2
_I2C_MasterWrite                             text43       003D60
_I2C_Open                                    text41       0028BA
_I2C_Poller                                  text45       003B18
_I2C_Read1ByteRegister                       text39       002A5E
_I2C_SetAddressNackCallback                  text40       003B6E
_I2C_SetBuffer                               text80       003A8C
_I2C_SetCallback                             text79       0031D4
_I2C_SetDataCompleteCallback                 text78       003B9E
_I2C_Status                                  bssBANK0     0000B0
_I2C_Write1ByteRegister                      text99       00309C
_INT0_ISR                                    text91       003860
_INT0_InterruptHandler                       bssCOMRAM    00003C
_INT0_set_InterruptHandler                   text36       003A16
_INT1_ISR                                    text90       003832
_INT1_InterruptHandler                       bssCOMRAM    00003A
_INT1_set_InterruptHandler                   text35       0039EC
_INT2_ISR                                    text89       003804
_INT2_InterruptHandler                       bssCOMRAM    000038
_INT2_set_InterruptHandler                   text34       0039C2
_INTCON2bits                                 (abs)        000FF1
_INTCON3bits                                 (abs)        000FF0
_INTCONbits                                  (abs)        000FF2
_INTx_select_InterruptHandler                text33       0026F2
_InterruptManager                            intcode      000008
_LATA                                        (abs)        000F89
_LATB                                        (abs)        000F8A
_LATC                                        (abs)        000F8B
_LATD                                        (abs)        000F8C
_LATE                                        (abs)        000F8D
_MY_INT0                                     dataBANK0    0000A4
_MY_INT1                                     dataBANK0    00009E
_PIE1bits                                    (abs)        000F9D
_PIR1bits                                    (abs)        000F9E
_PIR2bits                                    (abs)        000FA1
_PORTA                                       (abs)        000F80
_PORTB                                       (abs)        000F81
_PORTC                                       (abs)        000F82
_PORTD                                       (abs)        000F83
_PORTE                                       (abs)        000F84
_RB4_Flag                                    dataCOMRAM   000055
_RB5_Flag                                    dataCOMRAM   000054
_RB6_Flag                                    dataCOMRAM   000053
_RB7_Flag                                    dataCOMRAM   000052
_RTC1307                                     bssCOMRAM    000045
_RTC1307@RealTimeClockDS1307$F1374           bssCOMRAM    00002E
_RealTimeClockDS1307_Get_Date_Time           text38       003106
_SSPADD                                      (abs)        000FC8
_SSPBUF                                      (abs)        000FC9
_SSPCON1                                     (abs)        000FC6
_SSPCON1bits                                 (abs)        000FC6
_SSPCON2                                     (abs)        000FC5
_SSPCON2bits                                 (abs)        000FC5
_SSPSTAT                                     (abs)        000FC7
_SSPSTATbits                                 (abs)        000FC7
_TRISA                                       (abs)        000F92
_TRISB                                       (abs)        000F93
_TRISC                                       (abs)        000F94
_TRISD                                       (abs)        000F95
_TRISE                                       (abs)        000F96
__HRAM                                       (abs)        000000
__H__absolute__                              __absolute__ 000000
__Habs1                                      abs1         000000
__Hbank0                                     bank0        000000
__Hbank1                                     bank1        000000
__Hbank10                                    bank10       000000
__Hbank11                                    bank11       000000
__Hbank12                                    bank12       000000
__Hbank13                                    bank13       000000
__Hbank14                                    bank14       000000
__Hbank15                                    bank15       000000
__Hbank2                                     bank2        000000
__Hbank3                                     bank3        000000
__Hbank4                                     bank4        000000
__Hbank5                                     bank5        000000
__Hbank6                                     bank6        000000
__Hbank7                                     bank7        000000
__Hbank8                                     bank8        000000
__Hbank9                                     bank9        000000
__Hbigbss                                    bigbss       000000
__Hbigdata                                   bigdata      000000
__Hbigram                                    bigram       000000
__Hbigsfr                                    bigsfr       000000
__Hbss                                       bss          000000
__HbssBANK0                                  bssBANK0     000000
__HbssBANK1                                  bssBANK1     000000
__HbssCOMRAM                                 bssCOMRAM    000000
__Hcinit                                     cinit        000000
__Hclrtext                                   clrtext      000000
__Hcomram                                    comram       000000
__Hconfig                                    config       30000E
__Hconst                                     const        000000
__HcstackBANK0                               cstackBANK0  000000
__HcstackBANK1                               cstackBANK1  000000
__HcstackCOMRAM                              cstackCOMRAM 000000
__Hdata                                      data         000000
__HdataBANK0                                 dataBANK0    000000
__HdataCOMRAM                                dataCOMRAM   000000
__Heeprom_data                               eeprom_data  000000
__Hfarbss                                    farbss       000000
__Hfardata                                   fardata      000000
__Hheap                                      heap         000000
__Hibigdata                                  ibigdata     000000
__Hidata                                     idata        000000
__HidataBANK0                                idataBANK0   000000
__HidataCOMRAM                               idataCOMRAM  000000
__Hidloc                                     idloc        000000
__Hifardata                                  ifardata     000000
__Hinit                                      init         000012
__Hintcode                                   intcode      00000E
__Hintcode_body                              intcode_body 000000
__Hintcodelo                                 intcodelo    00000E
__Hintentry                                  intentry     000000
__Hintret                                    intret       000000
__Hintsave_regs                              intsave_regs 000000
__Hirdata                                    irdata       000000
__Hmediumconst                               mediumconst  000000
__HnvFARRAM                                  nvFARRAM     000000
__Hnvbit                                     nvbit        000000
__Hnvrram                                    nvrram       000000
__Hparam                                     rparam       000000
__Hpowerup                                   powerup      00000E
__Hram                                       ram          000000
__Hramtop                                    ramtop       001000
__Hrbit                                      rbit         000000
__Hrbss                                      rbss         000000
__Hrdata                                     rdata        000000
__Hreset_vec                                 reset_vec    000004
__Hrparam                                    rparam       000000
__Hsfr                                       sfr          000000
__Hsmallconst                                smallconst   00105C
__Hspace_0                                   (abs)        003E28
__Hspace_1                                   (abs)        00012A
__Hspace_2                                   (abs)        000000
__Hspace_4                                   (abs)        60000E
__Hstack                                     stack        000000
__Hstruct                                    struct       000000
__Htemp                                      temp         000058
__Htext                                      text         000000
__Htext0                                     text0        000000
__Htext1                                     text1        000000
__Htext10                                    text10       000000
__Htext100                                   text100      000000
__Htext101                                   text101      000000
__Htext102                                   text102      000000
__Htext103                                   text103      000000
__Htext104                                   text104      000000
__Htext105                                   text105      000000
__Htext106                                   text106      000000
__Htext107                                   text107      000000
__Htext108                                   text108      000000
__Htext109                                   text109      000000
__Htext11                                    text11       000000
__Htext110                                   text110      000000
__Htext111                                   text111      000000
__Htext112                                   text112      000000
__Htext113                                   text113      000000
__Htext114                                   text114      000000
__Htext115                                   text115      000000
__Htext116                                   text116      000000
__Htext117                                   text117      000000
__Htext118                                   text118      000000
__Htext119                                   text119      000000
__Htext12                                    text12       000000
__Htext120                                   text120      000000
__Htext121                                   text121      000000
__Htext122                                   text122      000000
__Htext123                                   text123      000000
__Htext124                                   text124      000000
__Htext125                                   text125      000000
__Htext126                                   text126      000000
__Htext127                                   text127      000000
__Htext128                                   text128      000000
__Htext129                                   text129      000000
__Htext13                                    text13       000000
__Htext130                                   text130      000000
__Htext131                                   text131      000000
__Htext132                                   text132      000000
__Htext133                                   text133      000000
__Htext134                                   text134      000000
__Htext135                                   text135      000000
__Htext136                                   text136      000000
__Htext137                                   text137      000000
__Htext138                                   text138      000000
__Htext139                                   text139      000000
__Htext14                                    text14       000000
__Htext140                                   text140      000000
__Htext141                                   text141      000000
__Htext142                                   text142      000000
__Htext143                                   text143      000000
__Htext144                                   text144      000000
__Htext145                                   text145      000000
__Htext146                                   text146      000000
__Htext147                                   text147      000000
__Htext148                                   text148      000000
__Htext15                                    text15       000000
__Htext16                                    text16       000000
__Htext17                                    text17       000000
__Htext18                                    text18       000000
__Htext19                                    text19       000000
__Htext2                                     text2        000000
__Htext20                                    text20       000000
__Htext21                                    text21       000000
__Htext22                                    text22       000000
__Htext23                                    text23       000000
__Htext24                                    text24       000000
__Htext25                                    text25       000000
__Htext26                                    text26       000000
__Htext27                                    text27       000000
__Htext28                                    text28       000000
__Htext29                                    text29       000000
__Htext3                                     text3        000000
__Htext30                                    text30       000000
__Htext31                                    text31       000000
__Htext32                                    text32       000000
__Htext33                                    text33       000000
__Htext34                                    text34       000000
__Htext35                                    text35       000000
__Htext36                                    text36       000000
__Htext37                                    text37       000000
__Htext38                                    text38       000000
__Htext39                                    text39       000000
__Htext4                                     text4        000000
__Htext40                                    text40       000000
__Htext41                                    text41       000000
__Htext42                                    text42       000000
__Htext43                                    text43       000000
__Htext44                                    text44       000000
__Htext45                                    text45       000000
__Htext46                                    text46       000000
__Htext47                                    text47       000000
__Htext48                                    text48       000000
__Htext49                                    text49       000000
__Htext5                                     text5        000000
__Htext50                                    text50       000000
__Htext51                                    text51       000000
__Htext52                                    text52       000000
__Htext53                                    text53       000000
__Htext54                                    text54       000000
__Htext55                                    text55       000000
__Htext56                                    text56       000000
__Htext57                                    text57       000000
__Htext58                                    text58       000000
__Htext59                                    text59       000000
__Htext6                                     text6        000000
__Htext60                                    text60       000000
__Htext61                                    text61       000000
__Htext62                                    text62       000000
__Htext63                                    text63       000000
__Htext64                                    text64       000000
__Htext65                                    text65       000000
__Htext66                                    text66       000000
__Htext67                                    text67       000000
__Htext68                                    text68       000000
__Htext69                                    text69       000000
__Htext7                                     text7        000000
__Htext70                                    text70       000000
__Htext71                                    text71       000000
__Htext72                                    text72       000000
__Htext73                                    text73       000000
__Htext74                                    text74       000000
__Htext75                                    text75       000000
__Htext76                                    text76       000000
__Htext77                                    text77       000000
__Htext78                                    text78       000000
__Htext79                                    text79       000000
__Htext8                                     text8        000000
__Htext80                                    text80       000000
__Htext81                                    text81       000000
__Htext82                                    text82       000000
__Htext83                                    text83       000000
__Htext84                                    text84       000000
__Htext85                                    text85       000000
__Htext86                                    text86       000000
__Htext87                                    text87       000000
__Htext89                                    text89       000000
__Htext9                                     text9        000000
__Htext90                                    text90       000000
__Htext91                                    text91       000000
__Htext92                                    text92       000000
__Htext93                                    text93       000000
__Htext94                                    text94       000000
__Htext95                                    text95       000000
__Htext96                                    text96       000000
__Htext97                                    text97       000000
__Htext98                                    text98       000000
__Htext99                                    text99       000000
__Initialize                                 text18       003A68
__LRAM                                       (abs)        000001
__L__absolute__                              __absolute__ 000000
__Labs1                                      abs1         000000
__Lbank0                                     bank0        000000
__Lbank1                                     bank1        000000
__Lbank10                                    bank10       000000
__Lbank11                                    bank11       000000
__Lbank12                                    bank12       000000
__Lbank13                                    bank13       000000
__Lbank14                                    bank14       000000
__Lbank15                                    bank15       000000
__Lbank2                                     bank2        000000
__Lbank3                                     bank3        000000
__Lbank4                                     bank4        000000
__Lbank5                                     bank5        000000
__Lbank6                                     bank6        000000
__Lbank7                                     bank7        000000
__Lbank8                                     bank8        000000
__Lbank9                                     bank9        000000
__Lbigbss                                    bigbss       000000
__Lbigdata                                   bigdata      000000
__Lbigram                                    bigram       000000
__Lbigsfr                                    bigsfr       000000
__Lbss                                       bss          000000
__LbssBANK0                                  bssBANK0     000000
__LbssBANK1                                  bssBANK1     000000
__LbssCOMRAM                                 bssCOMRAM    000000
__Lcinit                                     cinit        000000
__Lclrtext                                   clrtext      000000
__Lcomram                                    comram       000000
__Lconfig                                    config       000000
__Lconst                                     const        000000
__LcstackBANK0                               cstackBANK0  000000
__LcstackBANK1                               cstackBANK1  000000
__LcstackCOMRAM                              cstackCOMRAM 000000
__Ldata                                      data         000000
__LdataBANK0                                 dataBANK0    000000
__LdataCOMRAM                                dataCOMRAM   000000
__Leeprom_data                               eeprom_data  000000
__Lfarbss                                    farbss       000000
__Lfardata                                   fardata      000000
__Lheap                                      heap         000000
__Libigdata                                  ibigdata     000000
__Lidata                                     idata        000000
__LidataBANK0                                idataBANK0   000000
__LidataCOMRAM                               idataCOMRAM  000000
__Lidloc                                     idloc        000000
__Lifardata                                  ifardata     000000
__Linit                                      init         00000E
__Lintcode                                   intcode      000008
__Lintcode_body                              intcode_body 000000
__Lintcodelo                                 intcodelo    00000E
__Lintentry                                  intentry     000000
__Lintret                                    intret       000000
__Lintsave_regs                              intsave_regs 000000
__Lirdata                                    irdata       000000
__Lmediumconst                               mediumconst  000000
__LnvFARRAM                                  nvFARRAM     000000
__Lnvbit                                     nvbit        000000
__Lnvrram                                    nvrram       000000
__Lparam                                     rparam       000000
__Lpowerup                                   powerup      00000E
__Lram                                       ram          000000
__Lramtop                                    ramtop       001000
__Lrbit                                      rbit         000000
__Lrbss                                      rbss         000000
__Lrdata                                     rdata        000000
__Lreset_vec                                 reset_vec    000000
__Lrparam                                    rparam       000000
__Lsfr                                       sfr          000000
__Lsmallconst                                smallconst   001000
__Lspace_0                                   (abs)        000000
__Lspace_1                                   (abs)        000000
__Lspace_2                                   (abs)        000000
__Lspace_4                                   (abs)        000000
__Lstack                                     stack        000000
__Lstruct                                    struct       000000
__Ltemp                                      temp         000057
__Ltext                                      text         000000
__Ltext0                                     text0        000000
__Ltext1                                     text1        000000
__Ltext10                                    text10       000000
__Ltext100                                   text100      000000
__Ltext101                                   text101      000000
__Ltext102                                   text102      000000
__Ltext103                                   text103      000000
__Ltext104                                   text104      000000
__Ltext105                                   text105      000000
__Ltext106                                   text106      000000
__Ltext107                                   text107      000000
__Ltext108                                   text108      000000
__Ltext109                                   text109      000000
__Ltext11                                    text11       000000
__Ltext110                                   text110      000000
__Ltext111                                   text111      000000
__Ltext112                                   text112      000000
__Ltext113                                   text113      000000
__Ltext114                                   text114      000000
__Ltext115                                   text115      000000
__Ltext116                                   text116      000000
__Ltext117                                   text117      000000
__Ltext118                                   text118      000000
__Ltext119                                   text119      000000
__Ltext12                                    text12       000000
__Ltext120                                   text120      000000
__Ltext121                                   text121      000000
__Ltext122                                   text122      000000
__Ltext123                                   text123      000000
__Ltext124                                   text124      000000
__Ltext125                                   text125      000000
__Ltext126                                   text126      000000
__Ltext127                                   text127      000000
__Ltext128                                   text128      000000
__Ltext129                                   text129      000000
__Ltext13                                    text13       000000
__Ltext130                                   text130      000000
__Ltext131                                   text131      000000
__Ltext132                                   text132      000000
__Ltext133                                   text133      000000
__Ltext134                                   text134      000000
__Ltext135                                   text135      000000
__Ltext136                                   text136      000000
__Ltext137                                   text137      000000
__Ltext138                                   text138      000000
__Ltext139                                   text139      000000
__Ltext14                                    text14       000000
__Ltext140                                   text140      000000
__Ltext141                                   text141      000000
__Ltext142                                   text142      000000
__Ltext143                                   text143      000000
__Ltext144                                   text144      000000
__Ltext145                                   text145      000000
__Ltext146                                   text146      000000
__Ltext147                                   text147      000000
__Ltext148                                   text148      000000
__Ltext15                                    text15       000000
__Ltext16                                    text16       000000
__Ltext17                                    text17       000000
__Ltext18                                    text18       000000
__Ltext19                                    text19       000000
__Ltext2                                     text2        000000
__Ltext20                                    text20       000000
__Ltext21                                    text21       000000
__Ltext22                                    text22       000000
__Ltext23                                    text23       000000
__Ltext24                                    text24       000000
__Ltext25                                    text25       000000
__Ltext26                                    text26       000000
__Ltext27                                    text27       000000
__Ltext28                                    text28       000000
__Ltext29                                    text29       000000
__Ltext3                                     text3        000000
__Ltext30                                    text30       000000
__Ltext31                                    text31       000000
__Ltext32                                    text32       000000
__Ltext33                                    text33       000000
__Ltext34                                    text34       000000
__Ltext35                                    text35       000000
__Ltext36                                    text36       000000
__Ltext37                                    text37       000000
__Ltext38                                    text38       000000
__Ltext39                                    text39       000000
__Ltext4                                     text4        000000
__Ltext40                                    text40       000000
__Ltext41                                    text41       000000
__Ltext42                                    text42       000000
__Ltext43                                    text43       000000
__Ltext44                                    text44       000000
__Ltext45                                    text45       000000
__Ltext46                                    text46       000000
__Ltext47                                    text47       000000
__Ltext48                                    text48       000000
__Ltext49                                    text49       000000
__Ltext5                                     text5        000000
__Ltext50                                    text50       000000
__Ltext51                                    text51       000000
__Ltext52                                    text52       000000
__Ltext53                                    text53       000000
__Ltext54                                    text54       000000
__Ltext55                                    text55       000000
__Ltext56                                    text56       000000
__Ltext57                                    text57       000000
__Ltext58                                    text58       000000
__Ltext59                                    text59       000000
__Ltext6                                     text6        000000
__Ltext60                                    text60       000000
__Ltext61                                    text61       000000
__Ltext62                                    text62       000000
__Ltext63                                    text63       000000
__Ltext64                                    text64       000000
__Ltext65                                    text65       000000
__Ltext66                                    text66       000000
__Ltext67                                    text67       000000
__Ltext68                                    text68       000000
__Ltext69                                    text69       000000
__Ltext7                                     text7        000000
__Ltext70                                    text70       000000
__Ltext71                                    text71       000000
__Ltext72                                    text72       000000
__Ltext73                                    text73       000000
__Ltext74                                    text74       000000
__Ltext75                                    text75       000000
__Ltext76                                    text76       000000
__Ltext77                                    text77       000000
__Ltext78                                    text78       000000
__Ltext79                                    text79       000000
__Ltext8                                     text8        000000
__Ltext80                                    text80       000000
__Ltext81                                    text81       000000
__Ltext82                                    text82       000000
__Ltext83                                    text83       000000
__Ltext84                                    text84       000000
__Ltext85                                    text85       000000
__Ltext86                                    text86       000000
__Ltext87                                    text87       000000
__Ltext89                                    text89       000000
__Ltext9                                     text9        000000
__Ltext90                                    text90       000000
__Ltext91                                    text91       000000
__Ltext92                                    text92       000000
__Ltext93                                    text93       000000
__Ltext94                                    text94       000000
__Ltext95                                    text95       000000
__Ltext96                                    text96       000000
__Ltext97                                    text97       000000
__Ltext98                                    text98       000000
__Ltext99                                    text99       000000
__S0                                         (abs)        003E28
__S1                                         (abs)        00012A
__S4                                         (abs)        000000
__S5                                         (abs)        000000
___awdiv                                     text12       001FD2
___awdiv@counter                             cstackBANK0  0000DB
___awdiv@dividend                            cstackCOMRAM 000029
___awdiv@divisor                             cstackCOMRAM 00002B
___awdiv@quotient                            cstackBANK0  0000DD
___awdiv@sign                                cstackBANK0  0000DC
___awmod                                     text11       0022E6
___awmod@counter                             cstackBANK0  0000DB
___awmod@dividend                            cstackCOMRAM 000029
___awmod@divisor                             cstackCOMRAM 00002B
___awmod@sign                                cstackBANK0  0000DC
___heap_hi                                   (abs)        000000
___heap_lo                                   (abs)        000000
___inthi_sp                                  stack        000000
___inthi_stack_hi                            stack        000000
___inthi_stack_lo                            stack        000000
___intlo_sp                                  stack        000000
___intlo_stack_hi                            stack        000000
___intlo_stack_lo                            stack        000000
___param_bank                                (abs)        000000
___rparam_used                               (abs)        000001
___sp                                        stack        000000
___stack_hi                                  stack        000000
___stack_lo                                  stack        000000
__accesstop                                  (abs)        000080
__activetblptr                               (abs)        000003
__end_of_APP_INT0_ISR                        text92       0028BA
__end_of_APP_INT1_ISR                        text93       001A58
__end_of_I2C_CallbackReturnReset             text71       003D20
__end_of_I2C_CallbackReturnStop              text72       003D2E
__end_of_I2C_Close                           text84       0038E6
__end_of_I2C_DO_ADDRESS_NACK                 text48       002D98
__end_of_I2C_DO_IDLE                         text62       003C28
__end_of_I2C_DO_RCEN                         text57       003C12
__end_of_I2C_DO_RESET                        text49       003BFC
__end_of_I2C_DO_RX                           text58       00244A
__end_of_I2C_DO_RX_ACK                       text52       003C9A
__end_of_I2C_DO_RX_NACK_RESTART              text50       003C76
__end_of_I2C_DO_RX_NACK_STOP                 text51       003C88
__end_of_I2C_DO_SEND_ADR_READ                text61       003B6E
__end_of_I2C_DO_SEND_ADR_WRITE               text60       003B9E
__end_of_I2C_DO_SEND_RESTART                 text54       003CBE
__end_of_I2C_DO_SEND_RESTART_READ            text56       003CE2
__end_of_I2C_DO_SEND_RESTART_WRITE           text55       003CD0
__end_of_I2C_DO_SEND_STOP                    text53       003CAC
__end_of_I2C_DO_TX                           text59       001FD2
__end_of_I2C_DO_TX_EMPTY                     text63       002A5E
__end_of_I2C_Initialize                      text37       003C3C
__end_of_I2C_MasterClearIrq                  text87       003DFA
__end_of_I2C_MasterClose                     text86       003DF6
__end_of_I2C_MasterDisableIrq                text85       003DF2
__end_of_I2C_MasterEnableRestart             text82       003DEA
__end_of_I2C_MasterFsm                       text47       00302E
__end_of_I2C_MasterGetRxData                 text68       003DDE
__end_of_I2C_MasterIsNack                    text65       003C50
__end_of_I2C_MasterOpen                      text42       003AF6
__end_of_I2C_MasterOperation                 text44       003548
__end_of_I2C_MasterSendAck                   text67       003DBE
__end_of_I2C_MasterSendNack                  text69       003DC4
__end_of_I2C_MasterSendTxData                text66       003D70
__end_of_I2C_MasterSetIrq                    text64       003DDA
__end_of_I2C_MasterStart                     text83       003DEE
__end_of_I2C_MasterStartRx                   text70       003DE2
__end_of_I2C_MasterStop                      text81       003DE6
__end_of_I2C_MasterWaitForEvent              text46       003CF2
__end_of_I2C_MasterWrite                     text43       003D68
__end_of_I2C_Open                            text41       002948
__end_of_I2C_Poller                          text45       003B36
__end_of_I2C_Read1ByteRegister               text39       002ADA
__end_of_I2C_SetAddressNackCallback          text40       003B86
__end_of_I2C_SetBuffer                       text80       003AB0
__end_of_I2C_SetCallback                     text79       00323A
__end_of_I2C_SetDataCompleteCallback         text78       003BB6
__end_of_I2C_Write1ByteRegister              text99       003106
__end_of_INT0_ISR                            text91       00388E
__end_of_INT0_set_InterruptHandler           text36       003A40
[...]
i2_I2C_DO_TX_EMPTY                           text123      002ADA
i2_I2C_MasterClearIrq                        text147      003E22
i2_I2C_MasterClose                           text146      003E1E
i2_I2C_MasterDisableIrq                      text145      003E1A
i2_I2C_MasterEnableRestart                   text142      003E12
i2_I2C_MasterFsm                             text107      00302E
i2_I2C_MasterGetRxData                       text128      003DFE
i2_I2C_MasterIsNack                          text125      003C50
i2_I2C_MasterOpen                            text102      003AF6
i2_I2C_MasterOperation                       text104      00358C
i2_I2C_MasterSendAck                         text127      003DC4
i2_I2C_MasterSendNack                        text129      003DCA
i2_I2C_MasterSendTxData                      text126      003DB0
i2_I2C_MasterSetIrq                          text124      003DFA
i2_I2C_MasterStart                           text143      003E16
i2_I2C_MasterStartRx                         text130      003E02
i2_I2C_MasterStop                            text141      003E0E
i2_I2C_MasterWaitForEvent                    text106      003CF2
i2_I2C_MasterWrite                           text103      003D70
i2_I2C_Open                                  text101      002948
i2_I2C_Poller                                text105      003B36
i2_I2C_Read1ByteRegister                     text98       002D98
i2_I2C_SetAddressNackCallback                text100      003BB6
i2_I2C_SetBuffer                             text140      003AB0
i2_I2C_SetCallback                           text139      0032A0
i2_I2C_SetDataCompleteCallback               text138      003BCE
i2_RealTimeClockDS1307_Get_Date_Time         text97       003366
i2___awdiv                                   text96       00215E
i2___awdiv@counter                           cstackCOMRAM 000005
i2___awdiv@dividend                          cstackCOMRAM 000001
i2___awdiv@divisor                           cstackCOMRAM 000003
i2___awdiv@quotient                          cstackCOMRAM 000007
i2___awdiv@sign                              cstackCOMRAM 000006
i2___awmod                                   text95       00244A
i2___awmod@counter                           cstackCOMRAM 000005
i2___awmod@dividend                          cstackCOMRAM 000001
i2___awmod@divisor                           cstackCOMRAM 000003
i2___awmod@sign                              cstackCOMRAM 000006
i2_rd1RegCompleteHandler                     text136      00393E
i2_rd2RegCompleteHandler                     text135      003912
i2_rdBlkRegCompleteHandler                   text133      003612
i2_wr1RegCompleteHandler                     text134      0038E6
i2_wr2RegCompleteHandler                     text137      00396A
i2rd1RegCompleteHandler@ptr                  cstackCOMRAM 00000A
i2rd2RegCompleteHandler@ptr                  cstackCOMRAM 00000A
i2rdBlkRegCompleteHandler@ptr                cstackCOMRAM 00000A
i2wr1RegCompleteHandler@ptr                  cstackCOMRAM 00000A
i2wr2RegCompleteHandler@ptr                  cstackCOMRAM 00000A
int$flags                                    temp         000057
int_func                                     intcode_body 002098
interrupt_INTx_clear_flag@_interrupt         cstackCOMRAM 000029
interrupt_INTx_clear_flag@ret                cstackCOMRAM 00002C
interrupt_INTx_disable@_interrupt            cstackCOMRAM 000029
interrupt_INTx_disable@ret                   cstackCOMRAM 00002C
interrupt_INTx_edge_init@_interrupt          cstackCOMRAM 000029
interrupt_INTx_edge_init@ret                 cstackCOMRAM 00002C
interrupt_INTx_enable@_interrupt             cstackCOMRAM 000029
interrupt_INTx_enable@ret                    cstackCOMRAM 00002C
interrupt_INTx_init@_interrupt               cstackBANK0  0000E4
interrupt_INTx_init@ret                      cstackBANK0  0000E5
interrupt_INTx_pin_init@_interrupt           cstackBANK0  0000E2
interrupt_INTx_pin_init@ret                  cstackBANK0  0000E3
intlevel0                                    text         000000
intlevel1                                    text         000000
intlevel2                                    text         000000
intlevel3                                    text         000000
isa$std                                      (abs)        000001
isa$xinst                                    (abs)        000000
lcd_init@gpio_ret                            cstackBANK0  0000EC
lcd_init@lcd                                 cstackBANK0  0000E9
lcd_init@lcd_ret                             cstackBANK0  0000EE
lcd_init@pins_counter                        cstackBANK0  0000ED
lcd_send_char_data@data                      cstackBANK0  0000E5
lcd_send_char_data@gpio_ret                  cstackBANK0  0000E6
lcd_send_char_data@lcd                       cstackBANK0  0000E4
lcd_send_char_data@lcd_ret                   cstackBANK0  0000E7
lcd_send_char_data@ret                       cstackBANK0  0000E8
lcd_send_char_data_pos@column                cstackBANK0  0000F2
lcd_send_char_data_pos@data                  cstackBANK0  0000F3
lcd_send_char_data_pos@gpio_ret              cstackBANK0  0000F4
lcd_send_char_data_pos@lcd                   cstackBANK0  0000F0
lcd_send_char_data_pos@lcd_ret               cstackBANK0  0000F5
lcd_send_char_data_pos@ret                   cstackBANK0  0000F6
lcd_send_char_data_pos@row                   cstackBANK0  0000F1
lcd_send_command@command                     cstackBANK0  0000E5
lcd_send_command@gpio_ret                    cstackBANK0  0000E6
lcd_send_command@lcd                         cstackBANK0  0000E4
lcd_send_command@lcd_ret                     cstackBANK0  0000E7
lcd_send_command@ret                         cstackBANK0  0000E8
lcd_send_custom_char@counter                 bssCOMRAM    000043
lcd_send_enable@gpio_ret                     cstackCOMRAM 00002D
lcd_send_enable@lcd                          cstackCOMRAM 00002C
lcd_send_nbits@data_or_command               cstackCOMRAM 00002D
lcd_send_nbits@lcd                           cstackCOMRAM 00002C
lcd_send_nbits@pin_counter                   cstackBANK0  0000E3
lcd_send_nbits@ret                           cstackBANK0  0000E2
lcd_send_number@number                       bssCOMRAM    00004B
lcd_send_number_pos@column                   cstackBANK1  000124
lcd_send_number_pos@gpio_ret                 cstackBANK1  000126
lcd_send_number_pos@lcd                      cstackBANK1  000122
lcd_send_number_pos@lcd_ret                  cstackBANK1  000127
lcd_send_number_pos@num                      cstackBANK1  000125
lcd_send_number_pos@number                   bssBANK0     0000DA
lcd_send_number_pos@row                      cstackBANK1  000123
lcd_send_string@gpio_ret                     cstackBANK0  0000EC
lcd_send_string@lcd                          cstackBANK0  0000E9
lcd_send_string@lcd_ret                      cstackBANK0  0000ED
lcd_send_string@ret                          cstackBANK0  0000EE
lcd_send_string@str                          cstackBANK0  0000EA
lcd_send_string_pos@column                   cstackBANK0  0000F2
lcd_send_string_pos@gpio_ret                 cstackBANK0  0000F5
lcd_send_string_pos@lcd                      cstackBANK0  0000F0
lcd_send_string_pos@lcd_ret                  cstackBANK0  0000F6
lcd_send_string_pos@row                      cstackBANK0  0000F1
lcd_send_string_pos@str                      cstackBANK0  0000F3
lcd_set_curser@column                        cstackBANK0  0000EB
lcd_set_curser@gpio_ret                      cstackBANK0  0000EE
lcd_set_curser@lcd                           cstackBANK0  0000E9
lcd_set_curser@lcd_ret                       cstackBANK0  0000EF
lcd_set_curser@row                           cstackBANK0  0000EA
memset@c                                     cstackCOMRAM 00002A
memset@dest                                  cstackCOMRAM 000029
memset@n                                     cstackCOMRAM 00002C
memset@p                                     cstackBANK0  0000DB
rd1RegCompleteHandler@ptr                    cstackBANK0  0000DF
rd2RegCompleteHandler@ptr                    cstackBANK0  0000DF
rdBlkRegCompleteHandler@ptr                  cstackBANK0  0000DF
sprintf@ap                                   cstackBANK0  0000F3
sprintf@f                                    cstackBANK0  0000F4
sprintf@fmt                                  cstackBANK0  0000F0
sprintf@s                                    cstackBANK0  0000EF
stackhi                                      (abs)        000000
stacklo                                      (abs)        000000
start                                        init         00000E
start_initialization                         cinit        002E08
ttemp5                                       temp         000058
ttemp6                                       temp         00005B
ttemp7                                       temp         00005F
vfpfcnvrt@ap                                 cstackBANK0  0000E3
vfpfcnvrt@c                                  cstackBANK0  0000EA
vfpfcnvrt@convarg                            cstackBANK0  0000E6
vfpfcnvrt@cp                                 cstackBANK0  0000E5
vfpfcnvrt@done                               cstackBANK0  0000E4
vfpfcnvrt@fmt                                cstackBANK0  0000E2
vfpfcnvrt@fp                                 cstackBANK0  0000E1
vfprintf@ap                                  cstackBANK0  0000ED
vfprintf@cfmt                                cstackBANK0  0000EE
vfprintf@fmt                                 cstackBANK0  0000EC
vfprintf@fp                                  cstackBANK0  0000EB
wr1RegCompleteHandler@ptr                    cstackBANK0  0000DF
wr2RegCompleteHandler@ptr                    cstackBANK0  0000DF
wtemp8                                       temp         000058


MODULE INFORMATION

Module		Function		Class		Link	Load	Size
ECUAL/LCD/lcd.c
		_lcd_send_command		CODE           	2CB4	0000	114
		_lcd_send_nbits		CODE           	3416	0000	82
		_lcd_send_char_data		CODE           	2C42	0000	114
		_lcd_set_curser		CODE           	2794	0000	150
		_lcd_send_enable		CODE           	3A40	0000	40
		_lcd_send_string		CODE           	264E	0000	164
		_lcd_send_string_pos		CODE           	2BD0	0000	114
		_lcd_send_number_pos		CODE           	35D0	0000	66
		_lcd_send_char_data_pos		CODE           	2E76	0000	110
		_lcd_init      		CODE           	1DE8	0000	282
		_convert_uint8_to_string		CODE           	34B8	0000	72

ECUAL/LCD/lcd.c estimated size: 1308

mcc_generated_files/examples/i2c_master_example.c
		_wr1RegCompleteHandler		CODE           	368C	0000	56
		_wr2RegCompleteHandler		CODE           	3734	0000	56
		_I2C_Write1ByteRegister		CODE           	309C	0000	106
		_I2C_Read1ByteRegister		CODE           	2A5E	0000	124
		_rdBlkRegCompleteHandler		CODE           	3468	0000	80
		_rd1RegCompleteHandler		CODE           	36FC	0000	56
		_rd2RegCompleteHandler		CODE           	36C4	0000	56

mcc_generated_files/examples/i2c_master_example.c estimated size: 534

MCAL/GPIO/gpio.c
		_gpio_pin_logic_write		CODE           	1A58	0000	314
		_gpio_pin_input_init		CODE           	33C2	0000	84
		_gpio_pin_direction_init		CODE           	1B92	0000	314
		_gpio_pin_output_low_init		CODE           	316E	0000	102

MCAL/GPIO/gpio.c estimated size: 814

MCAL/INTERRUPT/mcal_external_interrupt.c
		_interrupt_INTx_init		CODE           	3306	0000	96
		_interrupt_INTx_pin_init		CODE           	388E	0000	44
		_interrupt_INTx_disable		CODE           	2EE4	0000	110
		_interrupt_INTx_edge_init		CODE           	1CCC	0000	284
		_INT0_set_InterruptHandler		CODE           	3A16	0000	42
		_interrupt_INTx_clear_flag		CODE           	2F52	0000	110
		_INT1_set_InterruptHandler		CODE           	39EC	0000	42
		_interrupt_INTx_enable		CODE           	2B56	0000	122
		_INT2_set_InterruptHandler		CODE           	39C2	0000	42
		_INT0_ISR      		CODE           	3860	0000	46
		_INTx_select_InterruptHandler		CODE           	26F2	0000	162
		_INT1_ISR      		CODE           	3832	0000	46
		_INT2_ISR      		CODE           	3804	0000	46

MCAL/INTERRUPT/mcal_external_interrupt.c estimated size: 1192

MCAL/INTERRUPT/mcall_interrupt_manager.c
		_InterruptManager		CODE           	0008	0000	204

MCAL/INTERRUPT/mcall_interrupt_manager.c estimated size: 204

C:\Program Files\Microchip\xc8\v2.45\pic\sources\c99\common\nf_sprintf.c
		_sprintf       		CODE           	3654	0000	56

C:\Program Files\Microchip\xc8\v2.45\pic\sources\c99\common\nf_sprintf.c estimated size: 56

mcc_generated_files/init.c
		__Initialize   		CODE           	3A68	0000	36

mcc_generated_files/init.c estimated size: 36

C:\Program Files\Microchip\xc8\v2.45\pic\sources\c99\common\awmod.c
		___awmod       		CODE           	22E6	0000	178

C:\Program Files\Microchip\xc8\v2.45\pic\sources\c99\common\awmod.c estimated size: 178

C:\Program Files\Microchip\xc8\v2.45\pic\sources\c99\common\putch.c
		_putch         		CODE           	3E26	0000	2

C:\Program Files\Microchip\xc8\v2.45\pic\sources\c99\common\putch.c estimated size: 2

shared
		i2_I2C_DO_RX_NACK_RESTART		CODE           	3D78	0000	8
		i2_I2C_SetBuffer		CODE           	3AB0	0000	36
		i2_I2C_DO_SEND_RESTART_READ		CODE           	3DA8	0000	8
		i2_I2C_DO_ADDRESS_NACK		CODE           	323A	0000	102
		i2_I2C_CallbackReturnStop		CODE           	3E0A	0000	4
		i2_I2C_DO_RX   		CODE           	25A8	0000	166
		i2_I2C_DO_TX   		CODE           	2222	0000	196
		i2_I2C_MasterWaitForEvent		CODE           	3CF2	0000	16
		i2_I2C_DO_IDLE 		CODE           	3D54	0000	12
		i2_I2C_DO_RCEN 		CODE           	3D48	0000	12
		i2_I2C_SetAddressNackCallback		CODE           	3BB6	0000	24
		i2_I2C_DO_RESET		CODE           	3D3C	0000	12
		i2_I2C_MasterEnableRestart		CODE           	3E12	0000	4
		i2___awdiv     		CODE           	215E	0000	196
		i2_rd1RegCompleteHandler		CODE           	393E	0000	44
		i2_I2C_Poller  		CODE           	3B36	0000	30
		i2_I2C_MasterOpen		CODE           	3AF6	0000	34
		i2_I2C_Close   		CODE           	3996	0000	44
		i2_I2C_MasterSendTxData		CODE           	3DB0	0000	8
		i2_I2C_DO_SEND_RESTART_WRITE		CODE           	3DA0	0000	8
		__initialization		CODE           	2E08	0000	100
		i2_I2C_MasterStop		CODE           	3E0E	0000	4
		i2_RealTimeClockDS1307_Get_Date_Time		CODE           	3366	0000	92
		i2_I2C_DO_RX_ACK		CODE           	3D88	0000	8
		i2_I2C_DO_SEND_ADR_WRITE		CODE           	3D2E	0000	14
		i2_rd2RegCompleteHandler		CODE           	3912	0000	44
		i2___awmod     		CODE           	244A	0000	176
		i2_I2C_CallbackReturnReset		CODE           	3E06	0000	4
		i2_I2C_Read1ByteRegister		CODE           	2D98	0000	112
		i2_I2C_MasterClose		CODE           	3E1E	0000	4
		i2_I2C_MasterWrite		CODE           	3D70	0000	8
		i2_I2C_DO_SEND_STOP		CODE           	3D90	0000	8
		i2_I2C_MasterStartRx		CODE           	3E02	0000	4
		i2_I2C_SetCallback		CODE           	32A0	0000	102
		i2_I2C_SetDataCompleteCallback		CODE           	3BCE	0000	24
		i2_I2C_MasterIsNack		CODE           	3C50	0000	20
		i2_I2C_Open    		CODE           	2948	0000	142
		i2_I2C_MasterStart		CODE           	3E16	0000	4
		i2_I2C_MasterClearIrq		CODE           	3E22	0000	4
		i2_I2C_MasterSendNack		CODE           	3DCA	0000	6
		i2_wr1RegCompleteHandler		CODE           	38E6	0000	44
		i2_I2C_MasterSendAck		CODE           	3DC4	0000	6
		i2_I2C_DO_SEND_ADR_READ		CODE           	3D02	0000	16
		i2_I2C_DO_RX_NACK_STOP		CODE           	3D80	0000	8
		i2_I2C_MasterDisableIrq		CODE           	3E1A	0000	4
		i2_I2C_MasterFsm		CODE           	302E	0000	110
		i2_I2C_MasterGetRxData		CODE           	3DFE	0000	4
		i2_rdBlkRegCompleteHandler		CODE           	3612	0000	66
		i2_I2C_DO_SEND_RESTART		CODE           	3D98	0000	8
		i2_I2C_MasterSetIrq		CODE           	3DFA	0000	4
		i2_I2C_DO_TX_EMPTY		CODE           	2ADA	0000	124
		_i2c_fsmStateTable		SMALLCONST     	1001	0000	32
		i2_wr2RegCompleteHandler		CODE           	396A	0000	44
		i2_I2C_MasterOperation		CODE           	358C	0000	68

shared estimated size: 2382

C:\Program Files\Microchip\xc8\v2.45\pic\sources\c99\common\abs.c
		_abs           		CODE           	376C	0000	54

C:\Program Files\Microchip\xc8\v2.45\pic\sources\c99\common\abs.c estimated size: 54

app.c
		_main          		CODE           	105C	0000	956
		_APP_INT0_ISR  		CODE           	282A	0000	144
		_APP_INT1_ISR  		CODE           	1914	0000	324

app.c estimated size: 1424

C:\Program Files\Microchip\xc8\v2.45\pic\sources\c99\common\memset.c
		_memset        		CODE           	37A2	0000	50

C:\Program Files\Microchip\xc8\v2.45\pic\sources\c99\common\memset.c estimated size: 50

mcc_generated_files/i2c_master.c
		_I2C_Close     		CODE           	38BA	0000	44
		_I2C_MasterStartRx		CODE           	3DDE	0000	4
		_I2C_DO_SEND_ADR_WRITE		CODE           	3B86	0000	24
		_I2C_MasterWaitForEvent		CODE           	3CE2	0000	16
		_I2C_DO_SEND_STOP		CODE           	3C9A	0000	18
		_I2C_MasterSendNack		CODE           	3DBE	0000	6
		_I2C_MasterDisableIrq		CODE           	3DEE	0000	4
		_I2C_CallbackReturnStop		CODE           	3D20	0000	14
		_I2C_MasterOperation		CODE           	3500	0000	72
		_I2C_DO_SEND_ADR_READ		CODE           	3B54	0000	26
		_I2C_DO_RX_NACK_STOP		CODE           	3C76	0000	18
		_I2C_DO_SEND_RESTART		CODE           	3CAC	0000	18
		_I2C_DO_RX     		CODE           	2398	0000	178
		_I2C_DO_TX     		CODE           	1F02	0000	208
		_I2C_DO_IDLE   		CODE           	3C12	0000	22
		_I2C_DO_RCEN   		CODE           	3BFC	0000	22
		_I2C_Poller    		CODE           	3B18	0000	30
		_I2C_DO_RESET  		CODE           	3BE6	0000	22
		_I2C_MasterClose		CODE           	3DF2	0000	4
		_I2C_MasterWrite		CODE           	3D60	0000	8
		_I2C_DO_RX_ACK 		CODE           	3C88	0000	18
		_I2C_MasterStart		CODE           	3DEA	0000	4
		_I2C_MasterClearIrq		CODE           	3DF6	0000	4
		_I2C_MasterGetRxData		CODE           	3DDA	0000	4
		_I2C_SetCallback		CODE           	31D4	0000	102
		_I2C_DO_ADDRESS_NACK		CODE           	2D26	0000	114
		_I2C_MasterEnableRestart		CODE           	3DE6	0000	4
		_I2C_CallbackReturnReset		CODE           	3D12	0000	14
		_I2C_Open      		CODE           	28BA	0000	142
		_I2C_SetAddressNackCallback		CODE           	3B6E	0000	24
		_I2C_DO_TX_EMPTY		CODE           	29D6	0000	136
		_I2C_DO_SEND_RESTART_WRITE		CODE           	3CBE	0000	18
		_I2C_MasterIsNack		CODE           	3C3C	0000	20
		_I2C_SetDataCompleteCallback		CODE           	3B9E	0000	24
		_I2C_DO_RX_NACK_RESTART		CODE           	3C64	0000	18
		_I2C_MasterSendAck		CODE           	3DB8	0000	6
		_I2C_MasterFsm 		CODE           	2FC0	0000	110
		_I2C_MasterSetIrq		CODE           	3DD6	0000	4
		_I2C_DO_SEND_RESTART_READ		CODE           	3CD0	0000	18
		_I2C_Initialize		CODE           	3C28	0000	20
		_I2C_SetBuffer 		CODE           	3A8C	0000	36
		_I2C_MasterOpen		CODE           	3AD4	0000	34
		_I2C_MasterSendTxData		CODE           	3D68	0000	8
		_I2C_MasterStop		CODE           	3DE2	0000	4

mcc_generated_files/i2c_master.c estimated size: 1644

ECUAL/RealTimeClockDS1307/RealTimeClockDS1307.c
		_convert_BCD_to_int		CODE           	15EE	0000	404
		_convert_int_to_BCD		CODE           	1782	0000	402
		_RealTimeClockDS1307_Get_Date_Time		CODE           	3106	0000	104

ECUAL/RealTimeClockDS1307/RealTimeClockDS1307.c estimated size: 910

C:\Program Files\Microchip\xc8\v2.45\pic\sources\c99\common\nf_fputc.c
		_fputc         		CODE           	24FA	0000	174

C:\Program Files\Microchip\xc8\v2.45\pic\sources\c99\common\nf_fputc.c estimated size: 174

C:\Program Files\Microchip\xc8\v2.45\pic\sources\c99\common\doprnt.c
		_vfpfcnvrt     		CODE           	1418	0000	470
		_vfprintf      		CODE           	3548	0000	68

C:\Program Files\Microchip\xc8\v2.45\pic\sources\c99\common\doprnt.c estimated size: 538

C:\Program Files\Microchip\xc8\v2.45\pic\sources\c99\common\awdiv.c
		___awdiv       		CODE           	1FD2	0000	198

C:\Program Files\Microchip\xc8\v2.45\pic\sources\c99\common\awdiv.c estimated size: 198

