Microchip MPLAB XC8 Compiler V2.36

Linker command line:

-W-3 --edf=C:\Program Files\Microchip\xc8\v2.36\pic\dat\en_msgs.txt -cn \
  -h+dist/default/production\real_time_clock.X.production.sym \
  --cmf=dist/default/production\real_time_clock.X.production.cmf -z \
  -Q18F4620 -oC:\Users\20128\AppData\Local\Temp\xcAsl0o.4 \
  --defsym=__MPLAB_BUILD=1 \
  -Mdist/default/production/real_time_clock.X.production.map \
  --md=C:\Users\20128\AppData\Local\Temp\xcAsl0o.dat -E1 -ver=XC8 Compiler \
  --acfsm=1493 -ACODE=00h-0FFFFh -ACONST=00h-0FFFFh \
  -ASMALLCONST=01000h-010FFhx240 -AMEDIUMCONST=01000h-0FFFFh \
  -ACOMRAM=01h-07Fh -AABS1=00h-0F7Fh -ABIGRAM=01h-0F7Fh \
  -ARAM=080h-0FFh,0100h-01FFhx14,0F00h-0F7Fh -ABANK0=080h-0FFh \
  -ABANK1=0100h-01FFh -ABANK2=0200h-02FFh -ABANK3=0300h-03FFh \
  -ABANK4=0400h-04FFh -ABANK5=0500h-05FFh -ABANK6=0600h-06FFh \
  -ABANK7=0700h-07FFh -ABANK8=0800h-08FFh -ABANK9=0900h-09FFh \
  -ABANK10=0A00h-0AFFh -ABANK11=0B00h-0BFFh -ABANK12=0C00h-0CFFh \
  -ABANK13=0D00h-0DFFh -ABANK14=0E00h-0EFFh -ABANK15=0F00h-0F7Fh \
  -ASFR=0F80h-0FFFh -ABIGSFR=0F80h-0FFFh -ACONFIG=0300000h-030000Dh \
  -AIDLOC=0200000h-0200007h -AEEDATA=0F00000h-0F003FFh -peeprom_data=EEDATA \
  -preset_vec=00h,intcode=08h,intcodelo,powerup,init -pramtop=01000h \
  -psmallconst=SMALLCONST -pmediumconst=MEDIUMCONST -pconst=CONST \
  -AFARRAM=00h-00h \
  -prdata=COMRAM,nvrram=COMRAM,nvbit=COMRAM,rbss=COMRAM,rbit=COMRAM \
  -pfarbss=FARRAM,fardata=FARRAM,nvFARRAM=FARRAM \
  -pintsave_regs=BIGRAM,bigbss=BIGRAM,bigdata=BIGRAM -pbss=RAM \
  -pidata=CODE,irdata=CODE,ibigdata=CODE,ifardata=CODE -prparam=COMRAM \
  C:\Users\20128\AppData\Local\Temp\xcAsl0o.o \
  dist/default/production\real_time_clock.X.production.o 

Object code version is 3.11

Machine type is 18F4620



                Name                               Link     Load   Length Selector   Space Scale
C:\Users\20128\AppData\Local\Temp\xcAsl0o.o
                config                           300000   300000        E        0       4
                init                                  E        E        4        4       0
                reset_vec                             0        0        4        0       0
dist/default/production\real_time_clock.X.production.o
                intcode                               8        8        6        4       0
                config                           300000   300000        E        0       4
                temp                                 59       59        1        1       1
                smallconst                         1000     1000       5C      800       0
                text151                            47A2     47A2        4      82E       0
                text150                            479E     479E        4      82E       0
                text149                            479A     479A        4      82E       0
                text148                            4330     4330       2C      82E       0
                text147                            4796     4796        4      82E       0
                text146                            4792     4792        4      82E       0
                text145                            478E     478E        4      82E       0
                text144                            4422     4422       24      82E       0
                text143                            36B0     36B0       7A      82E       0
                text142                            4540     4540       18      82E       0
                text141                            4304     4304       2C      82E       0
                text140                            42D8     42D8       2C      82E       0
                text139                            42AC     42AC       2C      82E       0
                text138                            4280     4280       2C      82E       0
                text137                            3FDC     3FDC       40      82E       0
                text136                            478A     478A        4      82E       0
                text135                            4786     4786        4      82E       0
                text134                            4782     4782        4      82E       0
                text133                            4750     4750        6      82E       0
                text132                            477E     477E        4      82E       0
                text131                            474A     474A        6      82E       0
                text130                            4730     4730        8      82E       0
                text129                            45C2     45C2       14      82E       0
                text128                            477A     477A        4      82E       0
                text127                            3540     3540       7C      82E       0
                text126                            46D4     46D4        C      82E       0
                text125                            4674     4674       10      82E       0
                text124                            46AE     46AE        E      82E       0
                text123                            2B32     2B32       C4      82E       0
                text122                            2F52     2F52       A6      82E       0
                text121                            46C8     46C8        C      82E       0
                text120                            4728     4728        8      82E       0
                text119                            4720     4720        8      82E       0
                text118                            4718     4718        8      82E       0
                text117                            4710     4710        8      82E       0
                text116                            4708     4708        8      82E       0
                text115                            4700     4700        8      82E       0
                text114                            46F8     46F8        8      82E       0
                text113                            46BC     46BC        C      82E       0
                text112                            3BFC     3BFC       66      82E       0
                text111                            3A4E     3A4E       70      82E       0
                text110                            4664     4664       10      82E       0
                text109                            44A8     44A8       1E      82E       0
                text108                            3F58     3F58       44      82E       0
                text107                            46F0     46F0        8      82E       0
                text106                            4468     4468       22      82E       0
                text105                            31A4     31A4       8E      82E       0
                text104                            4528     4528       18      82E       0
                text103                            3ABE     3ABE       6E      82E       0
                text102                            37A2     37A2       74      82E       0
                text101                            3B94     3B94       68      82E       0
                text100                            2A6E     2A6E       C4      82E       0
                text99                             2CA8     2CA8       B0      82E       0
                text98                             1930     1930      194      82E       0
                text97                             221A     221A      15C      82E       0
                text96                             2FF8     2FF8       90      82E       0
                text95                             4226     4226       2E      82E       0
                text94                             41F8     41F8       2E      82E       0
                text93                             41CA     41CA       2E      82E       0
                intcode_body                       29A8     29A8       C6      82E       0
                text91                             4776     4776        4      82E       0
                text90                             4772     4772        4      82E       0
                text89                             476E     476E        4      82E       0
                text88                             4254     4254       2C      82E       0
                text87                             476A     476A        4      82E       0
                text86                             4766     4766        4      82E       0
                text85                             4762     4762        4      82E       0
                text84                             43FE     43FE       24      82E       0
                text83                             3636     3636       7A      82E       0
                text82                             4510     4510       18      82E       0
                text81                             4130     4130       36      82E       0
                text80                             40FA     40FA       36      82E       0
                text79                             40C4     40C4       36      82E       0
                text78                             408E     408E       36      82E       0
                text77                             3E7C     3E7C       4C      82E       0
                text76                             46A0     46A0        E      82E       0
                text75                             4692     4692        E      82E       0
                text74                             475E     475E        4      82E       0
                text73                             4744     4744        6      82E       0
                text72                             475A     475A        4      82E       0
                text71                             473E     473E        6      82E       0
                text70                             46E8     46E8        8      82E       0
                text69                             45AE     45AE       14      82E       0
                text68                             4756     4756        4      82E       0
                text67                             3342     3342       88      82E       0
                text66                             4584     4584       16      82E       0
                text65                             44C6     44C6       1A      82E       0
                text64                             44F8     44F8       18      82E       0
                text63                             2746     2746       D0      82E       0
                text62                             2BF6     2BF6       B2      82E       0
                text61                             456E     456E       16      82E       0
                text60                             4642     4642       12      82E       0
                text59                             4630     4630       12      82E       0
                text58                             461E     461E       12      82E       0
                text57                             460C     460C       12      82E       0
                text56                             45FA     45FA       12      82E       0
                text55                             45E8     45E8       12      82E       0
                text54                             45D6     45D6       12      82E       0
                text53                             4558     4558       16      82E       0
                text52                             396C     396C       72      82E       0
                text51                             39DE     39DE       70      82E       0
                text50                             4654     4654       10      82E       0
                text49                             448A     448A       1E      82E       0
                text48                             3F10     3F10       48      82E       0
                text47                             46E0     46E0        8      82E       0
                text46                             4446     4446       22      82E       0
                text45                             3116     3116       8E      82E       0
                text44                             44E0     44E0       18      82E       0
                text43                             34C4     34C4       7C      82E       0
                text42                             3B2C     3B2C       68      82E       0
                text41                             459A     459A       14      82E       0
                text40                             43B0     43B0       2A      82E       0
                text39                             4386     4386       2A      82E       0
                text38                             435C     435C       2A      82E       0
                text37                             2E02     2E02       AA      82E       0
                text36                             38FA     38FA       72      82E       0
                text35                             3888     3888       72      82E       0
                text34                             261A     261A      12C      82E       0
                text33                             33CA     33CA       7E      82E       0
                text32                             24C8     24C8      152      82E       0
                text31                             3D28     3D28       5C      82E       0
                text30                             4166     4166       34      82E       0
                text29                             35BC     35BC       7A      82E       0
                text28                             2376     2376      152      82E       0
                text27                             3816     3816       72      82E       0
                text26                             401C     401C       3C      82E       0
                text25                             3CC6     3CC6       62      82E       0
                text24                             32BA     32BA       88      82E       0
                text23                             20BE     20BE      15C      82E       0
                text22                             419A     419A       30      82E       0
                text21                             1AC4     1AC4      192      82E       0
                text20                             3232     3232       88      82E       0
                text19                             2EAC     2EAC       A6      82E       0
                text18                             372A     372A       78      82E       0
                text17                             1DE0     1DE0      178      82E       0
                text16                             1C56     1C56      18A      82E       0
                text15                             1F58     1F58      166      82E       0
                text14                             3F9C     3F9C       40      82E       0
                text13                             47A6     47A6        2      82E       0
                text12                             2816     2816       CA      82E       0
                text11                             3EC8     3EC8       48      82E       0
                text10                             4058     4058       36      82E       0
                text9                              28E0     28E0       C8      82E       0
                text8                              148C     148C      2E4      82E       0
                text7                              1770     1770      1C0      82E       0
                text6                              3C62     3C62       64      82E       0
                text5                              3DDA     3DDA       54      82E       0
                text4                              3D84     3D84       56      82E       0
                text3                              2D58     2D58       AA      82E       0
                text2                              3448     3448       7C      82E       0
                text1                              3E2E     3E2E       4E      82E       0
                text0                              105C     105C      430      82E       0
                cstackCOMRAM                          1        1       30        1       1
                cstackBANK0                          80       80       4B       80       1
                cstackBANK1                         14A      14A       21      100       1
                dataBANK1                           126      126       24      100       1
                bssBANK1                            100      100       26      100       1
                dataBANK0                            FA       FA        6       80       1
                bssBANK0                             CB       CB       2F       80       1
                dataCOMRAM                           4B       4B        E        1       1
                bssCOMRAM                            31       31       1A        1       1
                cinit                              3088     3088       8E      82E       0
                idataBANK1                         43DA     43DA       24      82E       0
                idataBANK0                         4738     4738        6      82E       0
                idataCOMRAM                        4684     4684        E      82E       0

TOTAL           Name                               Link     Load   Length     Space
        CLASS   CODE           
                intcode                               8        8        6         0
                init                                  E        E        4         0
                reset_vec                             0        0        4         0
                text151                            47A2     47A2        4         0
                text150                            479E     479E        4         0
                text149                            479A     479A        4         0
                text148                            4330     4330       2C         0
                text147                            4796     4796        4         0
                text146                            4792     4792        4         0
                text145                            478E     478E        4         0
                text144                            4422     4422       24         0
                text143                            36B0     36B0       7A         0
                text142                            4540     4540       18         0
                text141                            4304     4304       2C         0
                text140                            42D8     42D8       2C         0
                text139                            42AC     42AC       2C         0
                text138                            4280     4280       2C         0
                text137                            3FDC     3FDC       40         0
                text136                            478A     478A        4         0
                text135                            4786     4786        4         0
                text134                            4782     4782        4         0
                text133                            4750     4750        6         0
                text132                            477E     477E        4         0
                text131                            474A     474A        6         0
                text130                            4730     4730        8         0
                text129                            45C2     45C2       14         0
                text128                            477A     477A        4         0
                text127                            3540     3540       7C         0
                text126                            46D4     46D4        C         0
                text125                            4674     4674       10         0
                text124                            46AE     46AE        E         0
                text123                            2B32     2B32       C4         0
                text122                            2F52     2F52       A6         0
                text121                            46C8     46C8        C         0
                text120                            4728     4728        8         0
                text119                            4720     4720        8         0
                text118                            4718     4718        8         0
                text117                            4710     4710        8         0
                text116                            4708     4708        8         0
                text115                            4700     4700        8         0
                text114                            46F8     46F8        8         0
                text113                            46BC     46BC        C         0
                text112                            3BFC     3BFC       66         0
                text111                            3A4E     3A4E       70         0
                text110                            4664     4664       10         0
                text109                            44A8     44A8       1E         0
                text108                            3F58     3F58       44         0
                text107                            46F0     46F0        8         0
                text106                            4468     4468       22         0
                text105                            31A4     31A4       8E         0
                text104                            4528     4528       18         0
                text103                            3ABE     3ABE       6E         0
                text102                            37A2     37A2       74         0
                text101                            3B94     3B94       68         0
                text100                            2A6E     2A6E       C4         0
                text99                             2CA8     2CA8       B0         0
                text98                             1930     1930      194         0
                text97                             221A     221A      15C         0
                text96                             2FF8     2FF8       90         0
                text95                             4226     4226       2E         0
                text94                             41F8     41F8       2E         0
                text93                             41CA     41CA       2E         0
                intcode_body                       29A8     29A8       C6         0
                text91                             4776     4776        4         0
                text90                             4772     4772        4         0
                text89                             476E     476E        4         0
                text88                             4254     4254       2C         0
                text87                             476A     476A        4         0
                text86                             4766     4766        4         0
                text85                             4762     4762        4         0
                text84                             43FE     43FE       24         0
                text83                             3636     3636       7A         0
                text82                             4510     4510       18         0
                text81                             4130     4130       36         0
                text80                             40FA     40FA       36         0
                text79                             40C4     40C4       36         0
                text78                             408E     408E       36         0
                text77                             3E7C     3E7C       4C         0
                text76                             46A0     46A0        E         0
                text75                             4692     4692        E         0
                text74                             475E     475E        4         0
                text73                             4744     4744        6         0
                text72                             475A     475A        4         0
                text71                             473E     473E        6         0
                text70                             46E8     46E8        8         0
                text69                             45AE     45AE       14         0
                text68                             4756     4756        4         0
                text67                             3342     3342       88         0
                text66                             4584     4584       16         0
                text65                             44C6     44C6       1A         0
                text64                             44F8     44F8       18         0
                text63                             2746     2746       D0         0
                text62                             2BF6     2BF6       B2         0
                text61                             456E     456E       16         0
                text60                             4642     4642       12         0
                text59                             4630     4630       12         0
                text58                             461E     461E       12         0
                text57                             460C     460C       12         0
                text56                             45FA     45FA       12         0
                text55                             45E8     45E8       12         0
                text54                             45D6     45D6       12         0
                text53                             4558     4558       16         0
                text52                             396C     396C       72         0
                text51                             39DE     39DE       70         0
                text50                             4654     4654       10         0
                text49                             448A     448A       1E         0
                text48                             3F10     3F10       48         0
                text47                             46E0     46E0        8         0
                text46                             4446     4446       22         0
                text45                             3116     3116       8E         0
                text44                             44E0     44E0       18         0
                text43                             34C4     34C4       7C         0
                text42                             3B2C     3B2C       68         0
                text41                             459A     459A       14         0
                text40                             43B0     43B0       2A         0
                text39                             4386     4386       2A         0
                text38                             435C     435C       2A         0
                text37                             2E02     2E02       AA         0
                text36                             38FA     38FA       72         0
                text35                             3888     3888       72         0
                text34                             261A     261A      12C         0
                text33                             33CA     33CA       7E         0
                text32                             24C8     24C8      152         0
                text31                             3D28     3D28       5C         0
                text30                             4166     4166       34         0
                text29                             35BC     35BC       7A         0
                text28                             2376     2376      152         0
                text27                             3816     3816       72         0
                text26                             401C     401C       3C         0
                text25                             3CC6     3CC6       62         0
                text24                             32BA     32BA       88         0
                text23                             20BE     20BE      15C         0
                text22                             419A     419A       30         0
                text21                             1AC4     1AC4      192         0
                text20                             3232     3232       88         0
                text19                             2EAC     2EAC       A6         0
                text18                             372A     372A       78         0
                text17                             1DE0     1DE0      178         0
                text16                             1C56     1C56      18A         0
                text15                             1F58     1F58      166         0
                text14                             3F9C     3F9C       40         0
                text13                             47A6     47A6        2         0
                text12                             2816     2816       CA         0
                text11                             3EC8     3EC8       48         0
                text10                             4058     4058       36         0
                text9                              28E0     28E0       C8         0
                text8                              148C     148C      2E4         0
                text7                              1770     1770      1C0         0
                text6                              3C62     3C62       64         0
                text5                              3DDA     3DDA       54         0
                text4                              3D84     3D84       56         0
                text3                              2D58     2D58       AA         0
                text2                              3448     3448       7C         0
                text1                              3E2E     3E2E       4E         0
                text0                              105C     105C      430         0
                cinit                              3088     3088       8E         0
                idataBANK1                         43DA     43DA       24         0
                idataBANK0                         4738     4738        6         0
                idataCOMRAM                        4684     4684        E         0

        CLASS   CONST          

        CLASS   SMALLCONST     
                smallconst                         1000     1000       5C         0

        CLASS   MEDIUMCONST    

        CLASS   COMRAM         
                temp                                 59       59        1         1
                cstackCOMRAM                          1        1       30         1
                dataCOMRAM                           4B       4B        E         1
                bssCOMRAM                            31       31       1A         1

        CLASS   ABS1           

        CLASS   BIGRAM         

        CLASS   RAM            

        CLASS   BANK0          
                cstackBANK0                          80       80       4B         1
                dataBANK0                            FA       FA        6         1
                bssBANK0                             CB       CB       2F         1

        CLASS   BANK1          
                cstackBANK1                         14A      14A       21         1
                dataBANK1                           126      126       24         1
                bssBANK1                            100      100       26         1

        CLASS   BANK2          

        CLASS   BANK3          

        CLASS   BANK4          

        CLASS   BANK5          

        CLASS   BANK6          

        CLASS   BANK7          

        CLASS   BANK8          

        CLASS   BANK9          

        CLASS   BANK10         

        CLASS   BANK11         

        CLASS   BANK12         

        CLASS   BANK13         

        CLASS   BANK14         

        CLASS   BANK15         

        CLASS   SFR            

        CLASS   BIGSFR         

        CLASS   CONFIG         
                config                           300000   300000        E         4

        CLASS   IDLOC          

        CLASS   EEDATA         

        CLASS   FARRAM         

        CLASS   HEAP           

        CLASS   STACK          



SEGMENTS        Name                           Load    Length   Top    Selector   Space  Class

                reset_vec                      000000  000004  000004         0       0  CODE    
                cstackCOMRAM                   000001  000059  00005A         1       1  COMRAM  
                intcode                        000008  00000A  000012         4       0  CODE    
                cstackBANK0                    000080  000080  000100        80       1  BANK0   
                bssBANK1                       000100  00006B  00016B       100       1  BANK1   
                smallconst                     001000  00005C  00105C       800       0  SMALLCON
                text0                          00105C  00374C  0047A8       82E       0  CODE    


UNUSED ADDRESS RANGES

        Name                Unused          Largest block    Delta
        BANK1            00016B-0001FF               95
        BANK10           000A00-000AFF              100
        BANK11           000B00-000BFF              100
        BANK12           000C00-000CFF              100
        BANK13           000D00-000DFF              100
        BANK14           000E00-000EFF              100
        BANK15           000F00-000F7F               80
        BANK2            000200-0002FF              100
        BANK3            000300-0003FF              100
        BANK4            000400-0004FF              100
        BANK5            000500-0005FF              100
        BANK6            000600-0006FF              100
        BANK7            000700-0007FF              100
        BANK8            000800-0008FF              100
        BANK9            000900-0009FF              100
        BIGRAM           00005A-00007F               26
                         00016B-000F7F              E15
        BIGSFR           000F80-000FFF               80
        CODE             000004-000007                4
                         000012-000FFF              FEE
                         0047A8-00FFFF             B858
        COMRAM           00005A-00007F               26
        CONST            000004-000007                4
                         000012-000FFF              FEE
                         0047A8-00FFFF             B858
        EEDATA           F00000-F003FF              400
        IDLOC            200000-200007                8
        MEDIUMCONST      0047A8-00FFFF             B858
        RAM              00016B-000F7F              100
        SFR              000F80-000FFF               80
        SMALLCONST       0047A8-00FFFF              100

                                  Symbol Table

?_RealTimeClockDS1307_Get_Date_Time          cstackBANK0  00008A
?___aodiv                                    cstackBANK0  000080
?___aomod                                    cstackBANK0  000080
?___awdiv                                    cstackCOMRAM 000001
?___awmod                                    cstackCOMRAM 000001
?_abs                                        cstackCOMRAM 000029
?_dtoa                                       cstackBANK0  000091
?_pad                                        cstackBANK0  000087
?_sprintf                                    cstackBANK1  00014C
?_strlen                                     cstackCOMRAM 000027
?_vfpfcnvrt                                  cstackBANK0  0000B5
?_vfprintf                                   cstackBANK0  0000C5
?i2_RealTimeClockDS1307_Get_Date_Time        cstackCOMRAM 000015
I2C_CallbackReturnReset@funPtr               cstackBANK0  000080
I2C_Close@returnValue                        cstackCOMRAM 000027
I2C_MasterOperation@read                     cstackBANK0  000086
I2C_MasterOperation@returnValue              cstackBANK0  000087
I2C_MasterSendTxData@data                    cstackCOMRAM 000027
I2C_Open@address                             cstackCOMRAM 000027
I2C_Open@returnValue                         cstackCOMRAM 000028
I2C_Read1ByteRegister@address                cstackBANK0  000088
I2C_Read1ByteRegister@reg                    cstackCOMRAM 000030
I2C_Read1ByteRegister@returnValue            cstackBANK0  000089
I2C_SetAddressNackCallback@cb                cstackCOMRAM 00002C
I2C_SetAddressNackCallback@ptr               cstackCOMRAM 00002E
I2C_SetBuffer@buffer                         cstackCOMRAM 000027
I2C_SetBuffer@bufferSize                     cstackCOMRAM 000029
I2C_SetCallback@cb                           cstackCOMRAM 000027
I2C_SetCallback@idx                          cstackCOMRAM 00002B
I2C_SetCallback@ptr                          cstackCOMRAM 000029
I2C_SetDataCompleteCallback@cb               cstackCOMRAM 00002C
I2C_SetDataCompleteCallback@ptr              cstackCOMRAM 00002E
I2C_Write1ByteRegister@address               cstackCOMRAM 000014
I2C_Write1ByteRegister@data                  cstackCOMRAM 000013
I2C_Write1ByteRegister@reg                   cstackCOMRAM 000012
INT0_set_InterruptHandler@InterruptHandler   cstackCOMRAM 000027
INT0_set_InterruptHandler@ret                cstackCOMRAM 000029
INT1_set_InterruptHandler@InterruptHandler   cstackCOMRAM 000027
INT1_set_InterruptHandler@ret                cstackCOMRAM 000029
INT2_set_InterruptHandler@InterruptHandler   cstackCOMRAM 000027
INT2_set_InterruptHandler@ret                cstackCOMRAM 000029
INTx_select_InterruptHandler@_interrupt      cstackCOMRAM 00002A
INTx_select_InterruptHandler@ret             cstackCOMRAM 00002E
_APP_INT0_ISR                                text96       002FF8
_APP_INT1_ISR                                text97       00221A
_I2C_CallbackReturnReset                     text75       004692
_I2C_CallbackReturnReset$intlevel0           text75       00469C
_I2C_CallbackReturnStop                      text76       0046A0
_I2C_CallbackReturnStop$intlevel0            text76       0046AA
_I2C_Close                                   text88       004254
_I2C_DO_ADDRESS_NACK                         text52       00396C
_I2C_DO_ADDRESS_NACK$intlevel0               text52       003976
_I2C_DO_IDLE                                 text66       004584
_I2C_DO_IDLE$intlevel0                       text66       00458E
_I2C_DO_RCEN                                 text61       00456E
_I2C_DO_RCEN$intlevel0                       text61       004578
_I2C_DO_RESET                                text53       004558
_I2C_DO_RESET$intlevel0                      text53       004562
_I2C_DO_RX                                   text62       002BF6
_I2C_DO_RX$intlevel0                         text62       002C00
_I2C_DO_RX_ACK                               text56       0045FA
_I2C_DO_RX_ACK$intlevel0                     text56       004604
_I2C_DO_RX_NACK_RESTART                      text54       0045D6
_I2C_DO_RX_NACK_RESTART$intlevel0            text54       0045E0
_I2C_DO_RX_NACK_STOP                         text55       0045E8
_I2C_DO_RX_NACK_STOP$intlevel0               text55       0045F2
_I2C_DO_SEND_ADR_READ                        text65       0044C6
_I2C_DO_SEND_ADR_READ$intlevel0              text65       0044D0
_I2C_DO_SEND_ADR_WRITE                       text64       0044F8
_I2C_DO_SEND_ADR_WRITE$intlevel0             text64       004502
_I2C_DO_SEND_RESTART                         text58       00461E
_I2C_DO_SEND_RESTART$intlevel0               text58       004628
_I2C_DO_SEND_RESTART_READ                    text60       004642
_I2C_DO_SEND_RESTART_READ$intlevel0          text60       00464C
_I2C_DO_SEND_RESTART_WRITE                   text59       004630
_I2C_DO_SEND_RESTART_WRITE$intlevel0         text59       00463A
_I2C_DO_SEND_STOP                            text57       00460C
_I2C_DO_SEND_STOP$intlevel0                  text57       004616
_I2C_DO_TX                                   text63       002746
_I2C_DO_TX$intlevel0                         text63       002750
_I2C_DO_TX_EMPTY                             text67       003342
_I2C_DO_TX_EMPTY$intlevel0                   text67       00334C
_I2C_Initialize                              text41       00459A
_I2C_MasterClearIrq                          text91       004776
_I2C_MasterClose                             text90       004772
_I2C_MasterDisableIrq                        text89       00476E
_I2C_MasterEnableRestart                     text86       004766
_I2C_MasterFsm                               text51       0039DE
_I2C_MasterGetRxData                         text72       00475A
_I2C_MasterIsNack                            text69       0045AE
_I2C_MasterOpen                              text46       004446
_I2C_MasterOperation                         text48       003F10
_I2C_MasterSendAck                           text71       00473E
_I2C_MasterSendNack                          text73       004744
_I2C_MasterSendTxData                        text70       0046E8
_I2C_MasterSetIrq                            text68       004756
_I2C_MasterStart                             text87       00476A
_I2C_MasterStartRx                           text74       00475E
_I2C_MasterStop                              text85       004762
_I2C_MasterWaitForEvent                      text50       004654
_I2C_MasterWrite                             text47       0046E0
_I2C_Open                                    text45       003116
_I2C_Poller                                  text49       00448A
_I2C_Read1ByteRegister                       text43       0034C4
_I2C_SetAddressNackCallback                  text44       0044E0
_I2C_SetBuffer                               text84       0043FE
_I2C_SetCallback                             text83       003636
_I2C_SetDataCompleteCallback                 text82       004510
_I2C_Status                                  bssBANK0     0000CB
_I2C_Write1ByteRegister                      text103      003ABE
_INT0_ISR                                    text95       004226
_INT0_InterruptHandler                       bssCOMRAM    000039
_INT0_set_InterruptHandler                   text40       0043B0
_INT1_ISR                                    text94       0041F8
_INT1_InterruptHandler                       bssCOMRAM    000037
_INT1_set_InterruptHandler                   text39       004386
_INT2_ISR                                    text93       0041CA
_INT2_InterruptHandler                       bssCOMRAM    000035
_INT2_set_InterruptHandler                   text38       00435C
_INTCON2bits                                 (abs)        000FF1
_INTCON3bits                                 (abs)        000FF0
_INTCONbits                                  (abs)        000FF2
_INTx_select_InterruptHandler                text37       002E02
_InterruptManager                            intcode      000008
_LATA                                        (abs)        000F89
_LATB                                        (abs)        000F8A
_LATC                                        (abs)        000F8B
_LATD                                        (abs)        000F8C
_LATE                                        (abs)        000F8D
_MY_INT0                                     dataBANK0    0000FA
_MY_INT1                                     dataBANK1    000144
_PIE1bits                                    (abs)        000F9D
_PIR1bits                                    (abs)        000F9E
_PIR2bits                                    (abs)        000FA1
_PORTA                                       (abs)        000F80
_PORTB                                       (abs)        000F81
_PORTC                                       (abs)        000F82
_PORTD                                       (abs)        000F83
_PORTE                                       (abs)        000F84
_RB4_Flag                                    dataCOMRAM   00004E
_RB5_Flag                                    dataCOMRAM   00004D
_RB6_Flag                                    dataCOMRAM   00004C
_RB7_Flag                                    dataCOMRAM   00004B
_RTC1307                                     bssCOMRAM    000041
_RTC1307@RealTimeClockDS1307$F281            bssBANK0     0000EF
_RealTimeClockDS1307_Get_Date_Time           text42       003B2C
_SSPADD                                      (abs)        000FC8
_SSPBUF                                      (abs)        000FC9
_SSPCON1                                     (abs)        000FC6
_SSPCON1bits                                 (abs)        000FC6
_SSPCON2                                     (abs)        000FC5
_SSPCON2bits                                 (abs)        000FC5
_SSPSTAT                                     (abs)        000FC7
_SSPSTATbits                                 (abs)        000FC7
_TRISA                                       (abs)        000F92
_TRISB                                       (abs)        000F93
_TRISC                                       (abs)        000F94
_TRISD                                       (abs)        000F95
_TRISE                                       (abs)        000F96
__HRAM                                       (abs)        000000
__Habs1                                      abs1         000000
__Hbank0                                     bank0        000000
__Hbank1                                     bank1        000000
__Hbank10                                    bank10       000000
__Hbank11                                    bank11       000000
__Hbank12                                    bank12       000000
__Hbank13                                    bank13       000000
__Hbank14                                    bank14       000000
__Hbank15                                    bank15       000000
__Hbank2                                     bank2        000000
__Hbank3                                     bank3        000000
__Hbank4                                     bank4        000000
__Hbank5                                     bank5        000000
__Hbank6                                     bank6        000000
__Hbank7                                     bank7        000000
__Hbank8                                     bank8        000000
__Hbank9                                     bank9        000000
__Hbigbss                                    bigbss       000000
__Hbigdata                                   bigdata      000000
__Hbigram                                    bigram       000000
__Hbigsfr                                    bigsfr       000000
__Hbss                                       bss          000000
__HbssBANK0                                  bssBANK0     000000
__HbssBANK1                                  bssBANK1     000000
__HbssCOMRAM                                 bssCOMRAM    000000
__Hcinit                                     cinit        000000
__Hclrtext                                   clrtext      000000
__Hcomram                                    comram       000000
__Hconfig                                    config       30000E
__Hconst                                     const        000000
__HcstackBANK0                               cstackBANK0  000000
__HcstackBANK1                               cstackBANK1  000000
__HcstackCOMRAM                              cstackCOMRAM 000000
__Hdata                                      data         000000
__HdataBANK0                                 dataBANK0    000000
__HdataBANK1                                 dataBANK1    000000
__HdataCOMRAM                                dataCOMRAM   000000
__Heeprom_data                               eeprom_data  000000
__Hfarbss                                    farbss       000000
__Hfardata                                   fardata      000000
__Hheap                                      heap         000000
__Hibigdata                                  ibigdata     000000
__Hidata                                     idata        000000
__HidataBANK0                                idataBANK0   000000
__HidataBANK1                                idataBANK1   000000
__HidataCOMRAM                               idataCOMRAM  000000
__Hidloc                                     idloc        000000
__Hifardata                                  ifardata     000000
__Hinit                                      init         000012
__Hintcode                                   intcode      00000E
__Hintcode_body                              intcode_body 000000
__Hintcodelo                                 intcodelo    00000E
__Hintentry                                  intentry     000000
__Hintret                                    intret       000000
__Hintsave_regs                              intsave_regs 000000
__Hirdata                                    irdata       000000
__Hmediumconst                               mediumconst  000000
__HnvFARRAM                                  nvFARRAM     000000
__Hnvbit                                     nvbit        000000
__Hnvrram                                    nvrram       000000
__Hparam                                     rparam       000000
__Hpowerup                                   powerup      00000E
__Hram                                       ram          000000
__Hramtop                                    ramtop       001000
__Hrbit                                      rbit         000000
__Hrbss                                      rbss         000000
__Hrdata                                     rdata        000000
__Hreset_vec                                 reset_vec    000004
__Hrparam                                    rparam       000000
__Hsfr                                       sfr          000000
__Hsmallconst                                smallconst   00105C
__Hspace_0                                   (abs)        0047A8
__Hspace_1                                   (abs)        00016B
__Hspace_2                                   (abs)        000000
__Hspace_4                                   (abs)        60000E
__Hstack                                     stack        000000
__Hstruct                                    struct       000000
__Htemp                                      temp         00005A
__Htext                                      text         000000
__Htext0                                     text0        000000
__Htext1                                     text1        000000
__Htext10                                    text10       000000
__Htext100                                   text100      000000
__Htext101                                   text101      000000
__Htext102                                   text102      000000
__Htext103                                   text103      000000
__Htext104                                   text104      000000
__Htext105                                   text105      000000
__Htext106                                   text106      000000
__Htext107                                   text107      000000
__Htext108                                   text108      000000
__Htext109                                   text109      000000
__Htext11                                    text11       000000
__Htext110                                   text110      000000
__Htext111                                   text111      000000
__Htext112                                   text112      000000
__Htext113                                   text113      000000
__Htext114                                   text114      000000
__Htext115                                   text115      000000
__Htext116                                   text116      000000
__Htext117                                   text117      000000
__Htext118                                   text118      000000
__Htext119                                   text119      000000
__Htext12                                    text12       000000
__Htext120                                   text120      000000
__Htext121                                   text121      000000
__Htext122                                   text122      000000
__Htext123                                   text123      000000
__Htext124                                   text124      000000
__Htext125                                   text125      000000
__Htext126                                   text126      000000
__Htext127                                   text127      000000
__Htext128                                   text128      000000
__Htext129                                   text129      000000
__Htext13                                    text13       000000
__Htext130                                   text130      000000
__Htext131                                   text131      000000
__Htext132                                   text132      000000
__Htext133                                   text133      000000
__Htext134                                   text134      000000
__Htext135                                   text135      000000
__Htext136                                   text136      000000
__Htext137                                   text137      000000
__Htext138                                   text138      000000
__Htext139                                   text139      000000
__Htext14                                    text14       000000
__Htext140                                   text140      000000
__Htext141                                   text141      000000
__Htext142                                   text142      000000
__Htext143                                   text143      000000
__Htext144                                   text144      000000
__Htext145                                   text145      000000
__Htext146                                   text146      000000
__Htext147                                   text147      000000
__Htext148                                   text148      000000
__Htext149                                   text149      000000
__Htext15                                    text15       000000
__Htext150                                   text150      000000
__Htext151                                   text151      000000
__Htext152                                   text152      000000
__Htext16                                    text16       000000
__Htext17                                    text17       000000
__Htext18                                    text18       000000
__Htext19                                    text19       000000
__Htext2                                     text2        000000
__Htext20                                    text20       000000
__Htext21                                    text21       000000
__Htext22                                    text22       000000
__Htext23                                    text23       000000
__Htext24                                    text24       000000
__Htext25                                    text25       000000
__Htext26                                    text26       000000
__Htext27                                    text27       000000
__Htext28                                    text28       000000
__Htext29                                    text29       000000
__Htext3                                     text3        000000
__Htext30                                    text30       000000
__Htext31                                    text31       000000
__Htext32                                    text32       000000
__Htext33                                    text33       000000
__Htext34                                    text34       000000
__Htext35                                    text35       000000
__Htext36                                    text36       000000
__Htext37                                    text37       000000
__Htext38                                    text38       000000
__Htext39                                    text39       000000
__Htext4                                     text4        000000
__Htext40                                    text40       000000
__Htext41                                    text41       000000
__Htext42                                    text42       000000
__Htext43                                    text43       000000
__Htext44                                    text44       000000
__Htext45                                    text45       000000
__Htext46                                    text46       000000
__Htext47                                    text47       000000
__Htext48                                    text48       000000
__Htext49                                    text49       000000
__Htext5                                     text5        000000
__Htext50                                    text50       000000
__Htext51                                    text51       000000
__Htext52                                    text52       000000
__Htext53                                    text53       000000
__Htext54                                    text54       000000
__Htext55                                    text55       000000
__Htext56                                    text56       000000
__Htext57                                    text57       000000
__Htext58                                    text58       000000
__Htext59                                    text59       000000
__Htext6                                     text6        000000
__Htext60                                    text60       000000
__Htext61                                    text61       000000
__Htext62                                    text62       000000
__Htext63                                    text63       000000
__Htext64                                    text64       000000
__Htext65                                    text65       000000
__Htext66                                    text66       000000
__Htext67                                    text67       000000
__Htext68                                    text68       000000
__Htext69                                    text69       000000
__Htext7                                     text7        000000
__Htext70                                    text70       000000
__Htext71                                    text71       000000
__Htext72                                    text72       000000
__Htext73                                    text73       000000
__Htext74                                    text74       000000
__Htext75                                    text75       000000
__Htext76                                    text76       000000
__Htext77                                    text77       000000
__Htext78                                    text78       000000
__Htext79                                    text79       000000
__Htext8                                     text8        000000
__Htext80                                    text80       000000
__Htext81                                    text81       000000
__Htext82                                    text82       000000
__Htext83                                    text83       000000
__Htext84                                    text84       000000
__Htext85                                    text85       000000
__Htext86                                    text86       000000
__Htext87                                    text87       000000
__Htext88                                    text88       000000
__Htext89                                    text89       000000
__Htext9                                     text9        000000
__Htext90                                    text90       000000
__Htext91                                    text91       000000
__Htext93                                    text93       000000
__Htext94                                    text94       000000
__Htext95                                    text95       000000
__Htext96                                    text96       000000
__Htext97                                    text97       000000
__Htext98                                    text98       000000
__Htext99                                    text99       000000
__Initialize                                 text22       00419A
__LRAM                                       (abs)        000001
__Labs1                                      abs1         000000
__Lbank0                                     bank0        000000
__Lbank1                                     bank1        000000
__Lbank10                                    bank10       000000
__Lbank11                                    bank11       000000
__Lbank12                                    bank12       000000
__Lbank13                                    bank13       000000
__Lbank14                                    bank14       000000
__Lbank15                                    bank15       000000
__Lbank2                                     bank2        000000
__Lbank3                                     bank3        000000
__Lbank4                                     bank4        000000
__Lbank5                                     bank5        000000
__Lbank6                                     bank6        000000
__Lbank7                                     bank7        000000
__Lbank8                                     bank8        000000
__Lbank9                                     bank9        000000
__Lbigbss                                    bigbss       000000
__Lbigdata                                   bigdata      000000
__Lbigram                                    bigram       000000
__Lbigsfr                                    bigsfr       000000
__Lbss                                       bss          000000
__LbssBANK0                                  bssBANK0     000000
__LbssBANK1                                  bssBANK1     000000
__LbssCOMRAM                                 bssCOMRAM    000000
__Lcinit                                     cinit        000000
__Lclrtext                                   clrtext      000000
__Lcomram                                    comram       000000
__Lconfig                                    config       000000
__Lconst                                     const        000000
__LcstackBANK0                               cstackBANK0  000000
__LcstackBANK1                               cstackBANK1  000000
__LcstackCOMRAM                              cstackCOMRAM 000000
__Ldata                                      data         000000
__LdataBANK0                                 dataBANK0    000000
__LdataBANK1                                 dataBANK1    000000
__LdataCOMRAM                                dataCOMRAM   000000
__Leeprom_data                               eeprom_data  000000
__Lfarbss                                    farbss       000000
__Lfardata                                   fardata      000000
__Lheap                                      heap         000000
__Libigdata                                  ibigdata     000000
__Lidata                                     idata        000000
__LidataBANK0                                idataBANK0   000000
__LidataBANK1                                idataBANK1   000000
__LidataCOMRAM                               idataCOMRAM  000000
__Lidloc                                     idloc        000000
__Lifardata                                  ifardata     000000
__Linit                                      init         00000E
__Lintcode                                   intcode      000008
__Lintcode_body                              intcode_body 000000
__Lintcodelo                                 intcodelo    00000E
__Lintentry                                  intentry     000000
__Lintret                                    intret       000000
__Lintsave_regs                              intsave_regs 000000
__Lirdata                                    irdata       000000
__Lmediumconst                               mediumconst  000000
__LnvFARRAM                                  nvFARRAM     000000
__Lnvbit                                     nvbit        000000
__Lnvrram                                    nvrram       000000
__Lparam                                     rparam       000000
__Lpowerup                                   powerup      00000E
__Lram                                       ram          000000
__Lramtop                                    ramtop       001000
__Lrbit                                      rbit         000000
__Lrbss                                      rbss         000000
__Lrdata                                     rdata        000000
__Lreset_vec                                 reset_vec    000000
__Lrparam                                    rparam       000000
__Lsfr                                       sfr          000000
__Lsmallconst                                smallconst   001000
__Lspace_0                                   (abs)        000000
__Lspace_1                                   (abs)        000000
__Lspace_2                                   (abs)        000000
__Lspace_4                                   (abs)        000000
__Lstack                                     stack        000000
__Lstruct                                    struct       000000
__Ltemp                                      temp         000059
__Ltext                                      text         000000
__Ltext0                                     text0        000000
__Ltext1                                     text1        000000
__Ltext10                                    text10       000000
__Ltext100                                   text100      000000
__Ltext101                                   text101      000000
__Ltext102                                   text102      000000
__Ltext103                                   text103      000000
__Ltext104                                   text104      000000
__Ltext105                                   text105      000000
__Ltext106                                   text106      000000
__Ltext107                                   text107      000000
__Ltext108                                   text108      000000
__Ltext109                                   text109      000000
__Ltext11                                    text11       000000
__Ltext110                                   text110      000000
__Ltext111                                   text111      000000
__Ltext112                                   text112      000000
__Ltext113                                   text113      000000
__Ltext114                                   text114      000000
__Ltext115                                   text115      000000
__Ltext116                                   text116      000000
__Ltext117                                   text117      000000
__Ltext118                                   text118      000000
__Ltext119                                   text119      000000
__Ltext12                                    text12       000000
__Ltext120                                   text120      000000
__Ltext121                                   text121      000000
__Ltext122                                   text122      000000
__Ltext123                                   text123      000000
__Ltext124                                   text124      000000
__Ltext125                                   text125      000000
__Ltext126                                   text126      000000
__Ltext127                                   text127      000000
__Ltext128                                   text128      000000
__Ltext129                                   text129      000000
__Ltext13                                    text13       000000
__Ltext130                                   text130      000000
__Ltext131                                   text131      000000
__Ltext132                                   text132      000000
__Ltext133                                   text133      000000
__Ltext134                                   text134      000000
__Ltext135                                   text135      000000
__Ltext136                                   text136      000000
__Ltext137                                   text137      000000
__Ltext138                                   text138      000000
__Ltext139                                   text139      000000
__Ltext14                                    text14       000000
__Ltext140                                   text140      000000
__Ltext141                                   text141      000000
__Ltext142                                   text142      000000
__Ltext143                                   text143      000000
__Ltext144                                   text144      000000
__Ltext145                                   text145      000000
__Ltext146                                   text146      000000
__Ltext147                                   text147      000000
__Ltext148                                   text148      000000
__Ltext149                                   text149      000000
__Ltext15                                    text15       000000
__Ltext150                                   text150      000000
__Ltext151                                   text151      000000
__Ltext152                                   text152      000000
__Ltext16                                    text16       000000
__Ltext17                                    text17       000000
__Ltext18                                    text18       000000
__Ltext19                                    text19       000000
__Ltext2                                     text2        000000
__Ltext20                                    text20       000000
__Ltext21                                    text21       000000
__Ltext22                                    text22       000000
__Ltext23                                    text23       000000
__Ltext24                                    text24       000000
__Ltext25                                    text25       000000
__Ltext26                                    text26       000000
__Ltext27                                    text27       000000
__Ltext28                                    text28       000000
__Ltext29                                    text29       000000
__Ltext3                                     text3        000000
__Ltext30                                    text30       000000
__Ltext31                                    text31       000000
__Ltext32                                    text32       000000
__Ltext33                                    text33       000000
__Ltext34                                    text34       000000
__Ltext35                                    text35       000000
__Ltext36                                    text36       000000
__Ltext37                                    text37       000000
__Ltext38                                    text38       000000
__Ltext39                                    text39       000000
__Ltext4                                     text4        000000
__Ltext40                                    text40       000000
__Ltext41                                    text41       000000
__Ltext42                                    text42       000000
__Ltext43                                    text43       000000
__Ltext44                                    text44       000000
__Ltext45                                    text45       000000
__Ltext46                                    text46       000000
__Ltext47                                    text47       000000
__Ltext48                                    text48       000000
__Ltext49                                    text49       000000
__Ltext5                                     text5        000000
__Ltext50                                    text50       000000
__Ltext51                                    text51       000000
__Ltext52                                    text52       000000
__Ltext53                                    text53       000000
__Ltext54                                    text54       000000
__Ltext55                                    text55       000000
__Ltext56                                    text56       000000
__Ltext57                                    text57       000000
__Ltext58                                    text58       000000
__Ltext59                                    text59       000000
__Ltext6                                     text6        000000
__Ltext60                                    text60       000000
__Ltext61                                    text61       000000
__Ltext62                                    text62       000000
__Ltext63                                    text63       000000
__Ltext64                                    text64       000000
__Ltext65                                    text65       000000
__Ltext66                                    text66       000000
__Ltext67                                    text67       000000
__Ltext68                                    text68       000000
__Ltext69                                    text69       000000
__Ltext7                                     text7        000000
__Ltext70                                    text70       000000
__Ltext71                                    text71       000000
__Ltext72                                    text72       000000
__Ltext73                                    text73       000000
__Ltext74                                    text74       000000
__Ltext75                                    text75       000000
__Ltext76                                    text76       000000
__Ltext77                                    text77       000000
__Ltext78                                    text78       000000
__Ltext79                                    text79       000000
__Ltext8                                     text8        000000
__Ltext80                                    text80       000000
__Ltext81                                    text81       000000
__Ltext82                                    text82       000000
__Ltext83                                    text83       000000
__Ltext84                                    text84       000000
__Ltext85                                    text85       000000
__Ltext86                                    text86       000000
__Ltext87                                    text87       000000
__Ltext88                                    text88       000000
__Ltext89                                    text89       000000
__Ltext9                                     text9        000000
__Ltext90                                    text90       000000
__Ltext91                                    text91       000000
__Ltext93                                    text93       000000
__Ltext94                                    text94       000000
__Ltext95                                    text95       000000
__Ltext96                                    text96       000000
__Ltext97                                    text97       000000
__Ltext98                                    text98       000000
__Ltext99                                    text99       000000
__S0                                         (abs)        0047A8
__S1                                         (abs)        00016B
__S4                                         (abs)        000000
__S5                                         (abs)        000000
___aodiv                                     text16       001C56
___aodiv@counter                             cstackCOMRAM 000027
___aodiv@dividend                            cstackBANK0  000080
___aodiv@divisor                             cstackBANK0  000088
___aodiv@quotient                            cstackCOMRAM 000029
___aodiv@sign                                cstackCOMRAM 000028
___aomod                                     text15       001F58
___aomod@counter                             cstackCOMRAM 000027
___aomod@dividend                            cstackBANK0  000080
___aomod@divisor                             cstackBANK0  000088
___aomod@sign                                cstackCOMRAM 000028
___awdiv                                     text100      002A6E
___awdiv@counter                             cstackCOMRAM 000005
___awdiv@dividend                            cstackCOMRAM 000001
___awdiv@divisor                             cstackCOMRAM 000003
___awdiv@quotient                            cstackCOMRAM 000007
___awdiv@sign                                cstackCOMRAM 000006
___awmod                                     text99       002CA8
___awmod@counter                             cstackCOMRAM 000005
___awmod@dividend                            cstackCOMRAM 000001
___awmod@divisor                             cstackCOMRAM 000003
___awmod@sign                                cstackCOMRAM 000006
___heap_hi                                   (abs)        000000
___heap_lo                                   (abs)        000000
___inthi_sp                                  stack        000000
___intlo_sp                                  stack        000000
___param_bank                                (abs)        000000
___rparam_used                               (abs)        000001
___sp                                        stack        000000
__accesstop                                  (abs)        000080
__activetblptr                               (abs)        000003
__end_of_APP_INT0_ISR                        text96       003088
__end_of_APP_INT1_ISR                        text97       002376
__end_of_I2C_CallbackReturnReset             text75       0046A0
__end_of_I2C_CallbackReturnStop              text76       0046AE
__end_of_I2C_Close                           text88       004280
__end_of_I2C_DO_ADDRESS_NACK                 text52       0039DE
__end_of_I2C_DO_IDLE                         text66       00459A
__end_of_I2C_DO_RCEN                         text61       004584
__end_of_I2C_DO_RESET                        text53       00456E
__end_of_I2C_DO_RX                           text62       002CA8
__end_of_I2C_DO_RX_ACK                       text56       00460C
__end_of_I2C_DO_RX_NACK_RESTART              text54       0045E8
__end_of_I2C_DO_RX_NACK_STOP                 text55       0045FA
__end_of_I2C_DO_SEND_ADR_READ                text65       0044E0
__end_of_I2C_DO_SEND_ADR_WRITE               text64       004510
__end_of_I2C_DO_SEND_RESTART                 text58       004630
__end_of_I2C_DO_SEND_RESTART_READ            text60       004654
__end_of_I2C_DO_SEND_RESTART_WRITE           text59       004642
__end_of_I2C_DO_SEND_STOP                    text57       00461E
__end_of_I2C_DO_TX                           text63       002816
[...]
i2_I2C_MasterGetRxData                       text132      00477E
i2_I2C_MasterIsNack                          text129      0045C2
i2_I2C_MasterOpen                            text106      004468
i2_I2C_MasterOperation                       text108      003F58
i2_I2C_MasterSendAck                         text131      00474A
i2_I2C_MasterSendNack                        text133      004750
i2_I2C_MasterSendTxData                      text130      004730
i2_I2C_MasterSetIrq                          text128      00477A
i2_I2C_MasterStart                           text147      004796
i2_I2C_MasterStartRx                         text134      004782
i2_I2C_MasterStop                            text145      00478E
i2_I2C_MasterWaitForEvent                    text110      004664
i2_I2C_MasterWrite                           text107      0046F0
i2_I2C_Open                                  text105      0031A4
i2_I2C_Poller                                text109      0044A8
i2_I2C_Read1ByteRegister                     text102      0037A2
i2_I2C_SetAddressNackCallback                text104      004528
i2_I2C_SetBuffer                             text144      004422
i2_I2C_SetCallback                           text143      0036B0
i2_I2C_SetDataCompleteCallback               text142      004540
i2_RealTimeClockDS1307_Get_Date_Time         text101      003B94
i2_rd1RegCompleteHandler                     text140      0042D8
i2_rd2RegCompleteHandler                     text139      0042AC
i2_rdBlkRegCompleteHandler                   text137      003FDC
i2_wr1RegCompleteHandler                     text138      004280
i2_wr2RegCompleteHandler                     text141      004304
i2rd1RegCompleteHandler@ptr                  cstackCOMRAM 00000A
i2rd2RegCompleteHandler@ptr                  cstackCOMRAM 00000A
i2rdBlkRegCompleteHandler@ptr                cstackCOMRAM 00000A
i2wr1RegCompleteHandler@ptr                  cstackCOMRAM 00000A
i2wr2RegCompleteHandler@ptr                  cstackCOMRAM 00000A
int$flags                                    temp         000059
int_func                                     intcode_body 0029A8
interrupt_INTx_clear_flag@_interrupt         cstackCOMRAM 000027
interrupt_INTx_clear_flag@ret                cstackCOMRAM 00002B
interrupt_INTx_disable@_interrupt            cstackCOMRAM 000027
interrupt_INTx_disable@ret                   cstackCOMRAM 00002B
interrupt_INTx_edge_init@_interrupt          cstackCOMRAM 000027
interrupt_INTx_edge_init@ret                 cstackCOMRAM 00002B
interrupt_INTx_enable@_interrupt             cstackCOMRAM 000027
interrupt_INTx_enable@ret                    cstackCOMRAM 00002B
interrupt_INTx_init@_interrupt               cstackBANK0  000088
interrupt_INTx_init@ret                      cstackBANK0  00008A
interrupt_INTx_pin_init@_interrupt           cstackBANK0  000085
interrupt_INTx_pin_init@ret                  cstackBANK0  000087
intlevel0                                    text         000000
intlevel1                                    text         000000
intlevel2                                    text         000000
intlevel3                                    text         000000
isa$std                                      (abs)        000001
isa$xinst                                    (abs)        000000
lcd_init@gpio_ret                            cstackBANK0  000093
lcd_init@lcd                                 cstackBANK0  00008F
lcd_init@lcd_ret                             cstackBANK0  000095
lcd_init@pins_counter                        cstackBANK0  000094
lcd_send_char_data@data                      cstackBANK0  00008B
lcd_send_char_data@gpio_ret                  cstackBANK0  00008C
lcd_send_char_data@lcd                       cstackBANK0  000089
lcd_send_char_data@lcd_ret                   cstackBANK0  00008D
lcd_send_char_data@ret                       cstackBANK0  00008E
lcd_send_char_data_pos@column                cstackBANK0  00009A
lcd_send_char_data_pos@data                  cstackBANK0  00009B
lcd_send_char_data_pos@gpio_ret              cstackBANK0  00009C
lcd_send_char_data_pos@lcd                   cstackBANK0  000097
lcd_send_char_data_pos@lcd_ret               cstackBANK0  00009D
lcd_send_char_data_pos@ret                   cstackBANK0  00009E
lcd_send_char_data_pos@row                   cstackBANK0  000099
lcd_send_command@command                     cstackBANK0  00008B
lcd_send_command@gpio_ret                    cstackBANK0  00008C
lcd_send_command@lcd                         cstackBANK0  000089
lcd_send_command@lcd_ret                     cstackBANK0  00008D
lcd_send_command@ret                         cstackBANK0  00008E
lcd_send_custom_char@counter                 bssCOMRAM    000040
lcd_send_enable@gpio_ret                     cstackBANK0  000082
lcd_send_enable@lcd                          cstackBANK0  000080
lcd_send_nbits@data_or_command               cstackBANK0  000082
lcd_send_nbits@lcd                           cstackBANK0  000080
lcd_send_nbits@pin_counter                   cstackBANK0  000088
lcd_send_nbits@ret                           cstackBANK0  000087
lcd_send_number@number                       bssCOMRAM    00004A
lcd_send_number_pos@column                   cstackBANK1  000165
lcd_send_number_pos@gpio_ret                 cstackBANK1  000167
lcd_send_number_pos@lcd                      cstackBANK1  000162
lcd_send_number_pos@lcd_ret                  cstackBANK1  000168
lcd_send_number_pos@num                      cstackBANK1  000166
lcd_send_number_pos@number                   bssBANK0     0000F9
lcd_send_number_pos@row                      cstackBANK1  000164
lcd_send_string@gpio_ret                     cstackBANK0  000093
lcd_send_string@lcd                          cstackBANK0  00008F
lcd_send_string@lcd_ret                      cstackBANK0  000094
lcd_send_string@ret                          cstackBANK0  000095
lcd_send_string@str                          cstackBANK0  000091
lcd_send_string_pos@column                   cstackBANK0  00009A
lcd_send_string_pos@gpio_ret                 cstackBANK0  00009D
lcd_send_string_pos@lcd                      cstackBANK0  000097
lcd_send_string_pos@lcd_ret                  cstackBANK0  00009E
lcd_send_string_pos@row                      cstackBANK0  000099
lcd_send_string_pos@str                      cstackBANK0  00009B
lcd_set_curser@column                        cstackBANK0  000092
lcd_set_curser@gpio_ret                      cstackBANK0  000095
lcd_set_curser@lcd                           cstackBANK0  00008F
lcd_set_curser@lcd_ret                       cstackBANK0  000096
lcd_set_curser@row                           cstackBANK0  000091
memset@c                                     cstackCOMRAM 000029
memset@dest                                  cstackCOMRAM 000027
memset@k                                     cstackBANK0  000080
memset@n                                     cstackCOMRAM 00002B
memset@s                                     cstackBANK0  000082
pad@buf                                      cstackBANK0  000089
pad@fp                                       cstackBANK0  000087
pad@i                                        cstackBANK0  00008D
pad@p                                        cstackBANK0  00008B
pad@w                                        cstackBANK0  00008F
rd1RegCompleteHandler@ptr                    cstackBANK0  000080
rd2RegCompleteHandler@ptr                    cstackBANK0  000080
rdBlkRegCompleteHandler@ptr                  cstackBANK0  000080
sprintf@ap                                   cstackBANK1  000152
sprintf@f                                    cstackBANK1  000154
sprintf@fmt                                  cstackBANK1  00014E
sprintf@s                                    cstackBANK1  00014C
stackhi                                      (abs)        000000
stacklo                                      (abs)        000000
start                                        init         00000E
start_initialization                         cinit        003088
strlen@a                                     cstackCOMRAM 000029
strlen@s                                     cstackCOMRAM 000027
ttemp5                                       temp         00005A
ttemp6                                       temp         00005D
ttemp7                                       temp         000061
vfpfcnvrt@ap                                 cstackBANK0  0000B9
vfpfcnvrt@fmt                                cstackBANK0  0000B7
vfpfcnvrt@fp                                 cstackBANK0  0000B5
vfpfcnvrt@ll                                 cstackBANK0  0000BD
vfprintf@ap                                  cstackBANK0  0000C9
vfprintf@cfmt                                cstackBANK1  00014A
vfprintf@fmt                                 cstackBANK0  0000C7
vfprintf@fp                                  cstackBANK0  0000C5
wr1RegCompleteHandler@ptr                    cstackBANK0  000080
wr2RegCompleteHandler@ptr                    cstackBANK0  000080
wtemp8                                       temp         00005A


MODULE INFORMATION

Module		Function		Class		Link	Load	Size
C:\Program Files\Microchip\xc8\v2.36\pic\sources\c99\common\putch.c
		_putch         		CODE           	47A6	0000	2

C:\Program Files\Microchip\xc8\v2.36\pic\sources\c99\common\putch.c estimated size: 2

ECUAL/LCD/lcd.c
		_lcd_send_command		CODE           	32BA	0000	136
		_lcd_send_nbits		CODE           	3CC6	0000	98
		_lcd_send_char_data		CODE           	3232	0000	136
		_lcd_set_curser		CODE           	2EAC	0000	166
		_lcd_send_enable		CODE           	401C	0000	60
		_lcd_send_string		CODE           	2D58	0000	170
		_lcd_send_string_pos		CODE           	3448	0000	124
		_lcd_send_number_pos		CODE           	3E2E	0000	78
		_lcd_send_char_data_pos		CODE           	372A	0000	120
		_lcd_init      		CODE           	20BE	0000	348
		_convert_uint8_to_string		CODE           	3D84	0000	86

ECUAL/LCD/lcd.c estimated size: 1522

C:\Program Files\Microchip\xc8\v2.36\pic\sources\c99\common\nf_fputs.c
		_fputs         		CODE           	3EC8	0000	72

C:\Program Files\Microchip\xc8\v2.36\pic\sources\c99\common\nf_fputs.c estimated size: 72

C:\Program Files\Microchip\xc8\v2.36\pic\sources\c99\common\aomod.c
		___aomod       		CODE           	1F58	0000	358

C:\Program Files\Microchip\xc8\v2.36\pic\sources\c99\common\aomod.c estimated size: 358

C:\Program Files\Microchip\xc8\v2.36\pic\sources\c99\common\awmod.c
		___awmod       		CODE           	2CA8	0000	176

C:\Program Files\Microchip\xc8\v2.36\pic\sources\c99\common\awmod.c estimated size: 176

C:\Program Files\Microchip\xc8\v2.36\pic\sources\c99\common\nf_sprintf.c
		_sprintf       		CODE           	3DDA	0000	84

C:\Program Files\Microchip\xc8\v2.36\pic\sources\c99\common\nf_sprintf.c estimated size: 84

mcc_generated_files/examples/i2c_master_example.c
		_wr1RegCompleteHandler		CODE           	408E	0000	54
		_wr2RegCompleteHandler		CODE           	4130	0000	54
		_I2C_Write1ByteRegister		CODE           	3ABE	0000	110
		_I2C_Read1ByteRegister		CODE           	34C4	0000	124
		_rdBlkRegCompleteHandler		CODE           	3E7C	0000	76
		_rd1RegCompleteHandler		CODE           	40FA	0000	54
		_rd2RegCompleteHandler		CODE           	40C4	0000	54

mcc_generated_files/examples/i2c_master_example.c estimated size: 526

C:\Program Files\Microchip\xc8\v2.36\pic\sources\c99\common\strlen.c
		_strlen        		CODE           	4058	0000	54

C:\Program Files\Microchip\xc8\v2.36\pic\sources\c99\common\strlen.c estimated size: 54

MCAL/GPIO/gpio.c
		_gpio_pin_logic_write		CODE           	2376	0000	338
		_gpio_pin_input_init		CODE           	3D28	0000	92
		_gpio_pin_direction_init		CODE           	24C8	0000	338
		_gpio_pin_output_low_init		CODE           	3816	0000	114

MCAL/GPIO/gpio.c estimated size: 882

MCAL/INTERRUPT/mcal_external_interrupt.c
		_interrupt_INTx_init		CODE           	35BC	0000	122
		_interrupt_INTx_pin_init		CODE           	4166	0000	52
		_interrupt_INTx_disable		CODE           	3888	0000	114
		_interrupt_INTx_edge_init		CODE           	261A	0000	300
		_INT0_set_InterruptHandler		CODE           	43B0	0000	42
		_interrupt_INTx_clear_flag		CODE           	38FA	0000	114
		_INT1_set_InterruptHandler		CODE           	4386	0000	42
		_interrupt_INTx_enable		CODE           	33CA	0000	126
		_INT2_set_InterruptHandler		CODE           	435C	0000	42
		_INT0_ISR      		CODE           	4226	0000	46
		_INTx_select_InterruptHandler		CODE           	2E02	0000	170
		_INT1_ISR      		CODE           	41F8	0000	46
		_INT2_ISR      		CODE           	41CA	0000	46

MCAL/INTERRUPT/mcal_external_interrupt.c estimated size: 1262

C:\Program Files\Microchip\xc8\v2.36\pic\sources\c99\common\aodiv.c
		___aodiv       		CODE           	1C56	0000	394

C:\Program Files\Microchip\xc8\v2.36\pic\sources\c99\common\aodiv.c estimated size: 394

C:\Program Files\Microchip\xc8\v2.36\pic\sources\c99\common\memset.c
		_memset        		CODE           	1DE0	0000	376

C:\Program Files\Microchip\xc8\v2.36\pic\sources\c99\common\memset.c estimated size: 376

MCAL/INTERRUPT/mcall_interrupt_manager.c
		_InterruptManager		CODE           	0008	0000	204

MCAL/INTERRUPT/mcall_interrupt_manager.c estimated size: 204

C:\Program Files\Microchip\xc8\v2.36\pic\sources\c99\common\nf_fputc.c
		_fputc         		CODE           	2816	0000	202

C:\Program Files\Microchip\xc8\v2.36\pic\sources\c99\common\nf_fputc.c estimated size: 202

mcc_generated_files/init.c
		__Initialize   		CODE           	419A	0000	48

mcc_generated_files/init.c estimated size: 48

C:\Program Files\Microchip\xc8\v2.36\pic\sources\c99\common\awdiv.c
		___awdiv       		CODE           	2A6E	0000	196

C:\Program Files\Microchip\xc8\v2.36\pic\sources\c99\common\awdiv.c estimated size: 196

C:\Program Files\Microchip\xc8\v2.36\pic\sources\c99\common\doprnt.c
		_vfpfcnvrt     		CODE           	1770	0000	448
		_pad           		CODE           	28E0	0000	200
		_dtoa          		CODE           	148C	0000	740
		_vfprintf      		CODE           	3C62	0000	100

C:\Program Files\Microchip\xc8\v2.36\pic\sources\c99\common\doprnt.c estimated size: 1488

shared
		i2_I2C_DO_RX_NACK_RESTART		CODE           	46F8	0000	8
		i2_I2C_SetBuffer		CODE           	4422	0000	36
		i2_I2C_DO_SEND_RESTART_READ		CODE           	4728	0000	8
		i2_I2C_DO_ADDRESS_NACK		CODE           	3BFC	0000	102
		i2_I2C_CallbackReturnStop		CODE           	478A	0000	4
		i2_I2C_DO_RX   		CODE           	2F52	0000	166
		i2_I2C_DO_TX   		CODE           	2B32	0000	196
		i2_I2C_MasterWaitForEvent		CODE           	4664	0000	16
		i2_I2C_DO_IDLE 		CODE           	46D4	0000	12
		i2_I2C_DO_RCEN 		CODE           	46C8	0000	12
		i2_I2C_SetAddressNackCallback		CODE           	4528	0000	24
		i2_I2C_DO_RESET		CODE           	46BC	0000	12
		i2_I2C_MasterEnableRestart		CODE           	4792	0000	4
		i2_rd1RegCompleteHandler		CODE           	42D8	0000	44
		i2_I2C_Poller  		CODE           	44A8	0000	30
		i2_I2C_MasterOpen		CODE           	4468	0000	34
		i2_I2C_Close   		CODE           	4330	0000	44
		i2_I2C_MasterSendTxData		CODE           	4730	0000	8
		i2_I2C_DO_SEND_RESTART_WRITE		CODE           	4720	0000	8
		__initialization		CODE           	3088	0000	132
		i2_I2C_MasterStop		CODE           	478E	0000	4
		i2_RealTimeClockDS1307_Get_Date_Time		CODE           	3B94	0000	104
		i2_I2C_DO_RX_ACK		CODE           	4708	0000	8
		i2_I2C_DO_SEND_ADR_WRITE		CODE           	46AE	0000	14
		i2_rd2RegCompleteHandler		CODE           	42AC	0000	44
		i2_I2C_CallbackReturnReset		CODE           	4786	0000	4
		i2_I2C_Read1ByteRegister		CODE           	37A2	0000	116
		i2_I2C_MasterClose		CODE           	479E	0000	4
		i2_I2C_MasterWrite		CODE           	46F0	0000	8
		i2_I2C_DO_SEND_STOP		CODE           	4710	0000	8
		i2_I2C_MasterStartRx		CODE           	4782	0000	4
		i2_I2C_SetCallback		CODE           	36B0	0000	122
		i2_I2C_SetDataCompleteCallback		CODE           	4540	0000	24
		i2_I2C_MasterIsNack		CODE           	45C2	0000	20
		i2_I2C_Open    		CODE           	31A4	0000	142
		i2_I2C_MasterStart		CODE           	4796	0000	4
		i2_I2C_MasterClearIrq		CODE           	47A2	0000	4
		i2_I2C_MasterSendNack		CODE           	4750	0000	6
		i2_wr1RegCompleteHandler		CODE           	4280	0000	44
		i2_I2C_MasterSendAck		CODE           	474A	0000	6
		i2_I2C_DO_SEND_ADR_READ		CODE           	4674	0000	16
		i2_I2C_DO_RX_NACK_STOP		CODE           	4700	0000	8
		i2_I2C_MasterDisableIrq		CODE           	479A	0000	4
		i2_I2C_MasterFsm		CODE           	3A4E	0000	112
		i2_I2C_MasterGetRxData		CODE           	477E	0000	4
		i2_rdBlkRegCompleteHandler		CODE           	3FDC	0000	64
		i2_I2C_DO_SEND_RESTART		CODE           	4718	0000	8
		i2_I2C_MasterSetIrq		CODE           	477A	0000	4
		i2_I2C_DO_TX_EMPTY		CODE           	3540	0000	124
		_i2c_fsmStateTable		SMALLCONST     	1001	0000	32
		i2_wr2RegCompleteHandler		CODE           	4304	0000	44
		i2_I2C_MasterOperation		CODE           	3F58	0000	68

shared estimated size: 2078

app.c
		_main          		CODE           	105C	0000	1072
		_APP_INT0_ISR  		CODE           	2FF8	0000	144
		_APP_INT1_ISR  		CODE           	221A	0000	348

app.c estimated size: 1564

C:\Program Files\Microchip\xc8\v2.36\pic\sources\c99\common\abs.c
		_abs           		CODE           	3F9C	0000	64

C:\Program Files\Microchip\xc8\v2.36\pic\sources\c99\common\abs.c estimated size: 64

mcc_generated_files/i2c_master.c
		_I2C_Close     		CODE           	4254	0000	44
		_I2C_MasterStartRx		CODE           	475E	0000	4
		_I2C_DO_SEND_ADR_WRITE		CODE           	44F8	0000	24
		_I2C_MasterWaitForEvent		CODE           	4654	0000	16
		_I2C_DO_SEND_STOP		CODE           	460C	0000	18
		_I2C_MasterSendNack		CODE           	4744	0000	6
		_I2C_MasterDisableIrq		CODE           	476E	0000	4
		_I2C_CallbackReturnStop		CODE           	46A0	0000	14
		_I2C_MasterOperation		CODE           	3F10	0000	72
		_I2C_DO_SEND_ADR_READ		CODE           	44C6	0000	26
		_I2C_DO_RX_NACK_STOP		CODE           	45E8	0000	18
		_I2C_DO_SEND_RESTART		CODE           	461E	0000	18
		_I2C_DO_RX     		CODE           	2BF6	0000	178
		_I2C_DO_TX     		CODE           	2746	0000	208
		_I2C_DO_IDLE   		CODE           	4584	0000	22
		_I2C_DO_RCEN   		CODE           	456E	0000	22
		_I2C_Poller    		CODE           	448A	0000	30
		_I2C_DO_RESET  		CODE           	4558	0000	22
		_I2C_MasterClose		CODE           	4772	0000	4
		_I2C_MasterWrite		CODE           	46E0	0000	8
		_I2C_DO_RX_ACK 		CODE           	45FA	0000	18
		_I2C_MasterStart		CODE           	476A	0000	4
		_I2C_MasterClearIrq		CODE           	4776	0000	4
		_I2C_MasterGetRxData		CODE           	475A	0000	4
		_I2C_SetCallback		CODE           	3636	0000	122
		_I2C_DO_ADDRESS_NACK		CODE           	396C	0000	114
		_I2C_MasterEnableRestart		CODE           	4766	0000	4
		_I2C_CallbackReturnReset		CODE           	4692	0000	14
		_I2C_Open      		CODE           	3116	0000	142
		_I2C_SetAddressNackCallback		CODE           	44E0	0000	24
		_I2C_DO_TX_EMPTY		CODE           	3342	0000	136
		_I2C_DO_SEND_RESTART_WRITE		CODE           	4630	0000	18
		_I2C_MasterIsNack		CODE           	45AE	0000	20
		_I2C_SetDataCompleteCallback		CODE           	4510	0000	24
		_I2C_DO_RX_NACK_RESTART		CODE           	45D6	0000	18
		_I2C_MasterSendAck		CODE           	473E	0000	6
		_I2C_MasterFsm 		CODE           	39DE	0000	112
		_I2C_MasterSetIrq		CODE           	4756	0000	4
		_I2C_DO_SEND_RESTART_READ		CODE           	4642	0000	18
		_I2C_Initialize		CODE           	459A	0000	20
		_I2C_SetBuffer 		CODE           	43FE	0000	36
		_I2C_MasterOpen		CODE           	4446	0000	34
		_I2C_MasterSendTxData		CODE           	46E8	0000	8
		_I2C_MasterStop		CODE           	4762	0000	4

mcc_generated_files/i2c_master.c estimated size: 1666

ECUAL/RealTimeClockDS1307/RealTimeClockDS1307.c
		_convert_BCD_to_int		CODE           	1AC4	0000	402
		_convert_int_to_BCD		CODE           	1930	0000	404
		_RealTimeClockDS1307_Get_Date_Time		CODE           	3B2C	0000	104

ECUAL/RealTimeClockDS1307/RealTimeClockDS1307.c estimated size: 910

